Archive member included because of file (symbol)

.\CortexM0\ARM_GCC_484\Debug\BLE Lab 3.a(cyfitter_cfg.o)
                              .\CortexM0\ARM_GCC_484\Debug\Cm0Start.o (cyfitter_cfg)
.\CortexM0\ARM_GCC_484\Debug\BLE Lab 3.a(SW2_Switch.o)
                              .\CortexM0\ARM_GCC_484\Debug\main.o (SW2_Switch_ClearInterrupt)
.\CortexM0\ARM_GCC_484\Debug\BLE Lab 3.a(Wakeup_ISR.o)
                              .\CortexM0\ARM_GCC_484\Debug\main.o (Wakeup_ISR_Start)
.\CortexM0\ARM_GCC_484\Debug\BLE Lab 3.a(Led_Advertising_Green.o)
                              .\CortexM0\ARM_GCC_484\Debug\main.o (Led_Advertising_Green_Write)
.\CortexM0\ARM_GCC_484\Debug\BLE Lab 3.a(Led_Connected_Blue.o)
                              .\CortexM0\ARM_GCC_484\Debug\main.o (Led_Connected_Blue_Write)
.\CortexM0\ARM_GCC_484\Debug\BLE Lab 3.a(BLE_1_hrs.o)
                              .\CortexM0\ARM_GCC_484\Debug\main.o (CyBle_HrsRegisterAttrCallback)
.\CortexM0\ARM_GCC_484\Debug\BLE Lab 3.a(BLE_1.o)
                              .\CortexM0\ARM_GCC_484\Debug\BLE Lab 3.a(BLE_1_hrs.o) (CyBle_ApplCallback)
.\CortexM0\ARM_GCC_484\Debug\BLE Lab 3.a(BLE_1_gatt.o)
                              .\CortexM0\ARM_GCC_484\Debug\main.o (cyBle_state)
.\CortexM0\ARM_GCC_484\Debug\BLE Lab 3.a(BLE_1_eventHandler.o)
                              .\CortexM0\ARM_GCC_484\Debug\main.o (cyBle_connHandle)
.\CortexM0\ARM_GCC_484\Debug\BLE Lab 3.a(BLE_1_dis.o)
                              .\CortexM0\ARM_GCC_484\Debug\BLE Lab 3.a(BLE_1.o) (CyBle_DisInit)
.\CortexM0\ARM_GCC_484\Debug\BLE Lab 3.a(CyBootAsmGnu.o)
                              .\CortexM0\ARM_GCC_484\Debug\BLE Lab 3.a(cyfitter_cfg.o) (CyDelayCycles)
.\CortexM0\ARM_GCC_484\Debug\BLE Lab 3.a(CyLib.o)
                              .\CortexM0\ARM_GCC_484\Debug\BLE Lab 3.a(cyfitter_cfg.o) (CyDelayUs)
.\CortexM0\ARM_GCC_484\Debug\BLE Lab 3.a(cyPm.o)
                              .\CortexM0\ARM_GCC_484\Debug\main.o (CySysPmSleep)
.\CortexM0\ARM_GCC_484\Debug\BLE Lab 3.a(ADC.o)
                              .\CortexM0\ARM_GCC_484\Debug\main.o (ADC_Start)
.\CortexM0\ARM_GCC_484\Debug\BLE Lab 3.a(ADC_PM.o)
                              .\CortexM0\ARM_GCC_484\Debug\main.o (ADC_Sleep)
.\CortexM0\ARM_GCC_484\Debug\BLE Lab 3.a(ADC_INT.o)
                              .\CortexM0\ARM_GCC_484\Debug\BLE Lab 3.a(ADC.o) (ADC_ISR)
.\CortexM0\ARM_GCC_484\Debug\BLE Lab 3.a(Opamp.o)
                              .\CortexM0\ARM_GCC_484\Debug\main.o (Opamp_Start)
.\CortexM0\ARM_GCC_484\Debug\BLE Lab 3.a(PWM.o)
                              .\CortexM0\ARM_GCC_484\Debug\main.o (PWM_Start)
C:\Program Files (x86)\Cypress\PSoC Creator\3.1\PSoC Creator\psoc\content\cycomponentlibrary\CyComponentLibrary.cylib\BLE_v1_20\Library\gccCyBLEStack_BLE_SOC_PERIPHERAL.a(CyBle.o)
                              .\CortexM0\ARM_GCC_484\Debug\main.o (CyBle_ProcessEvents)
C:\Program Files (x86)\Cypress\PSoC Creator\3.1\PSoC Creator\psoc\content\cycomponentlibrary\CyComponentLibrary.cylib\BLE_v1_20\Library\gccCyBLEStack_BLE_SOC_PERIPHERAL.a(CyBleStackMgrIP_Interface.o)
                              C:\Program Files (x86)\Cypress\PSoC Creator\3.1\PSoC Creator\psoc\content\cycomponentlibrary\CyComponentLibrary.cylib\BLE_v1_20\Library\gccCyBLEStack_BLE_SOC_PERIPHERAL.a(CyBle.o) (CyBleStackMgr_BleGetConfigData)
C:\Program Files (x86)\Cypress\PSoC Creator\3.1\PSoC Creator\psoc\content\cycomponentlibrary\CyComponentLibrary.cylib\BLE_v1_20\Library\gccCyBLEStack_BLE_SOC_PERIPHERAL.a(BT_os.o)
                              C:\Program Files (x86)\Cypress\PSoC Creator\3.1\PSoC Creator\psoc\content\cycomponentlibrary\CyComponentLibrary.cylib\BLE_v1_20\Library\gccCyBLEStack_BLE_SOC_PERIPHERAL.a(CyBleStackMgrIP_Interface.o) (bt_stack_init_os)
C:\Program Files (x86)\Cypress\PSoC Creator\3.1\PSoC Creator\psoc\content\cycomponentlibrary\CyComponentLibrary.cylib\BLE_v1_20\Library\gccCyBLEStack_BLE_SOC_PERIPHERAL.a(CyBleStackMgr_StackTaskHandler.o)
                              C:\Program Files (x86)\Cypress\PSoC Creator\3.1\PSoC Creator\psoc\content\cycomponentlibrary\CyComponentLibrary.cylib\BLE_v1_20\Library\gccCyBLEStack_BLE_SOC_PERIPHERAL.a(CyBleStackMgrIP_Interface.o) (CyBle_CreateBleStackTask)
C:\Program Files (x86)\Cypress\PSoC Creator\3.1\PSoC Creator\psoc\content\cycomponentlibrary\CyComponentLibrary.cylib\BLE_v1_20\Library\gccCyBLEStack_BLE_SOC_PERIPHERAL.a(transport_sf.o)
                              C:\Program Files (x86)\Cypress\PSoC Creator\3.1\PSoC Creator\psoc\content\cycomponentlibrary\CyComponentLibrary.cylib\BLE_v1_20\Library\gccCyBLEStack_BLE_SOC_PERIPHERAL.a(CyBleStackMgr_StackTaskHandler.o) (hci_soft_transport_notify_data_received)
C:\Program Files (x86)\Cypress\PSoC Creator\3.1\PSoC Creator\psoc\content\cycomponentlibrary\CyComponentLibrary.cylib\BLE_v1_20\Library\gccCyBLEStack_BLE_SOC_PERIPHERAL.a(CyBleStackMgr_PSoCHal.o)
[...]
Memory Configuration

Name             Origin             Length             Attributes
rom              0x00000000         0x00020000         xr
ram              0x20000000         0x00004000         xrw
*default*        0x00000000         0xffffffff

Linker script and memory map

LOAD c:/program files (x86)/cypress/psoc creator/3.1/psoc creator/import/gnu_cs/arm/4.8.4/bin/../lib/gcc/arm-none-eabi/4.8.4/armv6-m/crti.o
LOAD c:/program files (x86)/cypress/psoc creator/3.1/psoc creator/import/gnu_cs/arm/4.8.4/bin/../lib/gcc/arm-none-eabi/4.8.4/armv6-m/crtbegin.o
LOAD c:/program files (x86)/cypress/psoc creator/3.1/psoc creator/import/gnu_cs/arm/4.8.4/bin/../lib/gcc/arm-none-eabi/4.8.4/../../../../arm-none-eabi/lib/armv6-m/crt0.o
START GROUP
LOAD .\CortexM0\ARM_GCC_484\Debug\main.o
LOAD .\CortexM0\ARM_GCC_484\Debug\HeartRateProcessing.o
LOAD .\CortexM0\ARM_GCC_484\Debug\BleProcessing.o
LOAD .\CortexM0\ARM_GCC_484\Debug\WatchdogTimer.o
LOAD .\CortexM0\ARM_GCC_484\Debug\cymetadata.o
LOAD .\CortexM0\ARM_GCC_484\Debug\Cm0Start.o
LOAD .\CortexM0\ARM_GCC_484\Debug\BLE Lab 3.a
LOAD C:\Program Files (x86)\Cypress\PSoC Creator\3.1\PSoC Creator\psoc\content\cycomponentlibrary\CyComponentLibrary.cylib\BLE_v1_20\Library\gccCyBLEStack_BLE_SOC_PERIPHERAL.a
LOAD C:\Program Files (x86)\Cypress\PSoC Creator\3.1\PSoC Creator\psoc\content\cycomponentlibrary\CyComponentLibrary.cylib\CortexM0\ARM_GCC_484\Debug\CyComponentLibrary.a
END GROUP
START GROUP
LOAD c:/program files (x86)/cypress/psoc creator/3.1/psoc creator/import/gnu_cs/arm/4.8.4/bin/../lib/gcc/arm-none-eabi/4.8.4/armv6-m\libgcc.a
LOAD c:/program files (x86)/cypress/psoc creator/3.1/psoc creator/import/gnu_cs/arm/4.8.4/bin/../lib/gcc/arm-none-eabi/4.8.4/../../../../arm-none-eabi/lib/armv6-m\libg_s.a
LOAD c:/program files (x86)/cypress/psoc creator/3.1/psoc creator/import/gnu_cs/arm/4.8.4/bin/../lib/gcc/arm-none-eabi/4.8.4/../../../../arm-none-eabi/lib/armv6-m\libc_s.a
END GROUP
START GROUP
LOAD c:/program files (x86)/cypress/psoc creator/3.1/psoc creator/import/gnu_cs/arm/4.8.4/bin/../lib/gcc/arm-none-eabi/4.8.4/armv6-m\libgcc.a
LOAD c:/program files (x86)/cypress/psoc creator/3.1/psoc creator/import/gnu_cs/arm/4.8.4/bin/../lib/gcc/arm-none-eabi/4.8.4/../../../../arm-none-eabi/lib/armv6-m\libc_s.a
END GROUP
LOAD c:/program files (x86)/cypress/psoc creator/3.1/psoc creator/import/gnu_cs/arm/4.8.4/bin/../lib/gcc/arm-none-eabi/4.8.4/armv6-m/crtend.o
LOAD c:/program files (x86)/cypress/psoc creator/3.1/psoc creator/import/gnu_cs/arm/4.8.4/bin/../lib/gcc/arm-none-eabi/4.8.4/armv6-m/crtn.o
START GROUP
LOAD c:/program files (x86)/cypress/psoc creator/3.1/psoc creator/import/gnu_cs/arm/4.8.4/bin/../lib/gcc/arm-none-eabi/4.8.4/armv6-m\libgcc.a
LOAD c:/program files (x86)/cypress/psoc creator/3.1/psoc creator/import/gnu_cs/arm/4.8.4/bin/../lib/gcc/arm-none-eabi/4.8.4/../../../../arm-none-eabi/lib/armv6-m\libc.a
LOAD c:/program files (x86)/cypress/psoc creator/3.1/psoc creator/import/gnu_cs/arm/4.8.4/bin/../lib/gcc/arm-none-eabi/4.8.4/../../../../arm-none-eabi/lib/armv6-m\libnosys.a
END GROUP
                0x00000000                CY_APPL_ORIGIN = 0x0
                0x00000080                CY_FLASH_ROW_SIZE = 0x80
                0x00000001                CY_APPL_NUM = 0x1
                0x00000040                CY_METADATA_SIZE = 0x40
                0x20002520                PROVIDE (__cy_heap_start, _end)
                0x00000001                PROVIDE (__cy_region_num, ((__cy_regions_end - __cy_regions) / 0x10))
                0x20004000                PROVIDE (__cy_stack, (ORIGIN (ram) + 0x4000))
                0x20003c00                PROVIDE (__cy_heap_end, (__cy_stack - 0x400))

.cybootloader   0x00000000        0x0
 *(.cybootloader)
                0x00000000                appl1_start = CY_APPL_ORIGIN?CY_APPL_ORIGIN:ALIGN (CY_FLASH_ROW_SIZE)
                0x0000ff80                appl2_start = (appl1_start + ALIGN ((((0x20000 - appl1_start) - (0x2 * CY_FLASH_ROW_SIZE)) / 0x2), CY_FLASH_ROW_SIZE))
                0x00000000                appl_start = (CY_APPL_NUM == 0x1)?appl1_start:appl2_start

.text           0x00000000     0x25d4
 CREATE_OBJECT_SYMBOLS
                0x00000000                PROVIDE (__cy_interrupt_vector, RomVectors)
 *(.romvectors)
 .romvectors    0x00000000       0x10 .\CortexM0\ARM_GCC_484\Debug\Cm0Start.o
                0x00000000                RomVectors
                0x00000001                ASSERT ((. != __cy_interrupt_vector), No interrupt vector)
                0x00000001                ASSERT (CY_APPL_ORIGIN?(SIZEOF (.cybootloader) <= CY_APPL_ORIGIN):0x1, Wrong image location)
                0x00000010                PROVIDE (__cy_reset, Reset)
 *(.text.Reset)
 .text.Reset    0x00000010        0x8 .\CortexM0\ARM_GCC_484\Debug\Cm0Start.o
                0x00000010                Reset
                0x00000001                ASSERT ((. != __cy_reset), No reset code)
 *(.psocinit)
 .psocinit      0x00000018      0x300 .\CortexM0\ARM_GCC_484\Debug\BLE Lab 3.a(cyfitter_cfg.o)
                0x000001b4                cyfitter_cfg
                0x00000318                . = MAX (., 0x100)
 *(.text .text.* .gnu.linkonce.t.*)
 .text          0x00000318       0x60 c:/program files (x86)/cypress/psoc creator/3.1/psoc creator/import/gnu_cs/arm/4.8.4/bin/../lib/gcc/arm-none-eabi/4.8.4/armv6-m/crtbegin.o
 .text.InitializeSystem
                0x00000378       0x40 .\CortexM0\ARM_GCC_484\Debug\main.o
 .text.main     0x000003b8      0x128 .\CortexM0\ARM_GCC_484\Debug\main.o
                0x000003b8                main
 .text.ProcessHeartRateSignal
                0x000004e0       0xb4 .\CortexM0\ARM_GCC_484\Debug\HeartRateProcessing.o
                0x000004e0                ProcessHeartRateSignal
 .text.SendHeartRateOverBLE
                0x00000594       0x58 .\CortexM0\ARM_GCC_484\Debug\BleProcessing.o
                0x00000594                SendHeartRateOverBLE
 .text.HrsEventHandler
                0x000005ec       0x38 .\CortexM0\ARM_GCC_484\Debug\BleProcessing.o
                0x000005ec                HrsEventHandler
 .text.GeneralEventHandler
                0x00000624       0xac .\CortexM0\ARM_GCC_484\Debug\BleProcessing.o
                0x00000624                GeneralEventHandler
 .text.WatchdogTimer_Isr
                0x000006d0       0x20 .\CortexM0\ARM_GCC_484\Debug\WatchdogTimer.o
                0x000006d0                WatchdogTimer_Isr
 .text.WatchdogTimer_Start
                0x000006f0       0x48 .\CortexM0\ARM_GCC_484\Debug\WatchdogTimer.o
                0x000006f0                WatchdogTimer_Start
 .text.WatchdogTimer_GetTimestamp
                0x00000738       0x14 .\CortexM0\ARM_GCC_484\Debug\WatchdogTimer.o
                0x00000738                WatchdogTimer_GetTimestamp
 .text.IntDefaultHandler
                0x0000074c        0x8 .\CortexM0\ARM_GCC_484\Debug\Cm0Start.o
                0x0000074c                IntDefaultHandler
 .text.Start_c  0x00000754       0x98 .\CortexM0\ARM_GCC_484\Debug\Cm0Start.o
                0x00000754                Start_c
 .text.initialize_psoc
                0x000007ec       0x70 .\CortexM0\ARM_GCC_484\Debug\Cm0Start.o
                0x000007ec                initialize_psoc
 .text.CYMEMZERO
                0x0000085c       0x20 .\CortexM0\ARM_GCC_484\Debug\BLE Lab 3.a(cyfitter_cfg.o)
 .text.cfg_write_bytes32
                0x0000087c       0x80 .\CortexM0\ARM_GCC_484\Debug\BLE Lab 3.a(cyfitter_cfg.o)
 .text.AnalogSetDefault
                0x000008fc       0x64 .\CortexM0\ARM_GCC_484\Debug\BLE Lab 3.a(cyfitter_cfg.o)
 .text.SetAnalogRoutingPumps
                0x00000960       0x40 .\CortexM0\ARM_GCC_484\Debug\BLE Lab 3.a(cyfitter_cfg.o)
                0x00000960                SetAnalogRoutingPumps
 .text.SW2_Switch_ClearInterrupt
                0x000009a0       0x30 .\CortexM0\ARM_GCC_484\Debug\BLE Lab 3.a(SW2_Switch.o)
                0x000009a0                SW2_Switch_ClearInterrupt
 .text.Wakeup_ISR_Start
                0x000009d0       0x24 .\CortexM0\ARM_GCC_484\Debug\BLE Lab 3.a(Wakeup_ISR.o)
                0x000009d0                Wakeup_ISR_Start
 .text.Wakeup_ISR_Interrupt
                0x000009f4        0x8 .\CortexM0\ARM_GCC_484\Debug\BLE Lab 3.a(Wakeup_ISR.o)
                0x000009f4                Wakeup_ISR_Interrupt
 .text.Wakeup_ISR_SetVector
                0x000009fc       0x18 .\CortexM0\ARM_GCC_484\Debug\BLE Lab 3.a(Wakeup_ISR.o)
                0x000009fc                Wakeup_ISR_SetVector
 .text.Wakeup_ISR_SetPriority
                0x00000a14       0x50 .\CortexM0\ARM_GCC_484\Debug\BLE Lab 3.a(Wakeup_ISR.o)
                0x00000a14                Wakeup_ISR_SetPriority
 .text.Wakeup_ISR_Enable
                0x00000a64       0x14 .\CortexM0\ARM_GCC_484\Debug\BLE Lab 3.a(Wakeup_ISR.o)
                0x00000a64                Wakeup_ISR_Enable
 .text.Wakeup_ISR_Disable
                0x00000a78       0x14 .\CortexM0\ARM_GCC_484\Debug\BLE Lab 3.a(Wakeup_ISR.o)
                0x00000a78                Wakeup_ISR_Disable
 .text.Led_Advertising_Green_Write
                0x00000a8c       0x4c .\CortexM0\ARM_GCC_484\Debug\BLE Lab 3.a(Led_Advertising_Green.o)
                0x00000a8c                Led_Advertising_Green_Write
 .text.Led_Advertising_Green_SetDriveMode
                0x00000ad8       0x30 .\CortexM0\ARM_GCC_484\Debug\BLE Lab 3.a(Led_Advertising_Green.o)
                0x00000ad8                Led_Advertising_Green_SetDriveMode
 .text.Led_Connected_Blue_Write
                0x00000b08       0x48 .\CortexM0\ARM_GCC_484\Debug\BLE Lab 3.a(Led_Connected_Blue.o)
                0x00000b08                Led_Connected_Blue_Write
 .text.Led_Connected_Blue_SetDriveMode
                0x00000b50       0x30 .\CortexM0\ARM_GCC_484\Debug\BLE Lab 3.a(Led_Connected_Blue.o)
                0x00000b50                Led_Connected_Blue_SetDriveMode
 .text.CyBle_HrsInit
                0x00000b80        0x8 .\CortexM0\ARM_GCC_484\Debug\BLE Lab 3.a(BLE_1_hrs.o)
                0x00000b80                CyBle_HrsInit
 .text.CyBle_HrsRegisterAttrCallback
                0x00000b88       0x18 .\CortexM0\ARM_GCC_484\Debug\BLE Lab 3.a(BLE_1_hrs.o)
                0x00000b88                CyBle_HrsRegisterAttrCallback
 .text.CyBle_HrssGetCharacteristicValue
                0x00000ba0       0x9c .\CortexM0\ARM_GCC_484\Debug\BLE Lab 3.a(BLE_1_hrs.o)
                0x00000ba0                CyBle_HrssGetCharacteristicValue
 .text.CyBle_HrssSendNotification
                0x00000c3c       0xd8 .\CortexM0\ARM_GCC_484\Debug\BLE Lab 3.a(BLE_1_hrs.o)
                0x00000c3c                CyBle_HrssSendNotification
 .text.CyBle_HrssWriteEventHandler
                0x00000d14      0x118 .\CortexM0\ARM_GCC_484\Debug\BLE Lab 3.a(BLE_1_hrs.o)
                0x00000d14                CyBle_HrssWriteEventHandler
 .text.CyBle_Init
                0x00000e2c       0x2c .\CortexM0\ARM_GCC_484\Debug\BLE Lab 3.a(BLE_1.o)
                0x00000e2c                CyBle_Init
 .text.CyBle_ServiceInit
                0x00000e58       0x10 .\CortexM0\ARM_GCC_484\Debug\BLE Lab 3.a(BLE_1.o)
                0x00000e58                CyBle_ServiceInit
 .text.CyBle_Start
                0x00000e68       0x90 .\CortexM0\ARM_GCC_484\Debug\BLE Lab 3.a(BLE_1.o)
                0x00000e68                CyBle_Start
 .text.CyBle_Stop
                0x00000ef8       0x1c .\CortexM0\ARM_GCC_484\Debug\BLE Lab 3.a(BLE_1.o)
                0x00000ef8                CyBle_Stop
 .text.CyBle_GappStartAdvertisement
                0x00000f14       0xc4 .\CortexM0\ARM_GCC_484\Debug\BLE Lab 3.a(BLE_1.o)
                0x00000f14                CyBle_GappStartAdvertisement
 .text.CyBle_ChangeAdDeviceAddress
                0x00000fd8       0x60 .\CortexM0\ARM_GCC_484\Debug\BLE Lab 3.a(BLE_1.o)
                0x00000fd8                CyBle_ChangeAdDeviceAddress
 .text.CyBle_Get16ByPtr
                0x00001038       0x24 .\CortexM0\ARM_GCC_484\Debug\BLE Lab 3.a(BLE_1.o)
                0x00001038                CyBle_Get16ByPtr
 .text.CyBle_GattsWriteEventHandler
                0x0000105c       0xa0 .\CortexM0\ARM_GCC_484\Debug\BLE Lab 3.a(BLE_1_gatt.o)
                0x0000105c                CyBle_GattsWriteEventHandler
 .text.CyBle_WriteReqHandler
                0x000010fc       0x98 .\CortexM0\ARM_GCC_484\Debug\BLE Lab 3.a(BLE_1_eventHandler.o)
 .text.CyBle_ValueConfirmation
                0x00001194       0x10 .\CortexM0\ARM_GCC_484\Debug\BLE Lab 3.a(BLE_1_eventHandler.o)
 .text.CyBle_GattDisconnectEventHandler
                0x000011a4       0x18 .\CortexM0\ARM_GCC_484\Debug\BLE Lab 3.a(BLE_1_eventHandler.o)
 .text.CyBle_TimeOutEventHandler
                0x000011bc       0x10 .\CortexM0\ARM_GCC_484\Debug\BLE Lab 3.a(BLE_1_eventHandler.o)
 .text.CyBle_GattConnectReqHandler
                0x000011cc        0x8 .\CortexM0\ARM_GCC_484\Debug\BLE Lab 3.a(BLE_1_eventHandler.o)
 .text.CyBle_IsDeviceAddressValid
                0x000011d4       0x60 .\CortexM0\ARM_GCC_484\Debug\BLE Lab 3.a(BLE_1_eventHandler.o)
 .text.CyBle_L2Cap_ConnParamUpdateRspEventHandler
                0x00001234       0x14 .\CortexM0\ARM_GCC_484\Debug\BLE Lab 3.a(BLE_1_eventHandler.o)
 .text.CyBle_GapConnUpdateCompleteEventHandler
                0x00001248       0x10 .\CortexM0\ARM_GCC_484\Debug\BLE Lab 3.a(BLE_1_eventHandler.o)
 .text.CyBle_EventHandler
                0x00001258      0x2bc .\CortexM0\ARM_GCC_484\Debug\BLE Lab 3.a(BLE_1_eventHandler.o)
                0x00001258                CyBle_EventHandler
 .text.CyBle_DisInit
                0x00001514        0x8 .\CortexM0\ARM_GCC_484\Debug\BLE Lab 3.a(BLE_1_dis.o)
                0x00001514                CyBle_DisInit
 *fill*         0x0000151c        0x4 
 .text          0x00001520       0x20 .\CortexM0\ARM_GCC_484\Debug\BLE Lab 3.a(CyBootAsmGnu.o)
                0x00001520                CyDelayCycles
                0x00001532                CyEnterCriticalSection
                0x0000153a                CyExitCriticalSection
 .text.CySysClkWcoSetHighPowerMode
                0x00001540       0x3c .\CortexM0\ARM_GCC_484\Debug\BLE Lab 3.a(CyLib.o)
 .text.CySysClkWcoSetLowPowerMode
                0x0000157c       0x48 .\CortexM0\ARM_GCC_484\Debug\BLE Lab 3.a(CyLib.o)
 .text.CySysClkWriteSysclkDiv
                0x000015c4       0x44 .\CortexM0\ARM_GCC_484\Debug\BLE Lab 3.a(CyLib.o)
                0x000015c4                CySysClkWriteSysclkDiv
 .text.CySysClkEcoStart
                0x00001608       0x74 .\CortexM0\ARM_GCC_484\Debug\BLE Lab 3.a(CyLib.o)
                0x00001608                CySysClkEcoStart
 .text.CySysClkEcoReadStatus
                0x0000167c       0x18 .\CortexM0\ARM_GCC_484\Debug\BLE Lab 3.a(CyLib.o)
                0x0000167c                CySysClkEcoReadStatus
 .text.CySysClkWcoStart
                0x00001694       0x20 .\CortexM0\ARM_GCC_484\Debug\BLE Lab 3.a(CyLib.o)
                0x00001694                CySysClkWcoStart
 .text.CySysClkWcoSetPowerMode
                0x000016b4       0x40 .\CortexM0\ARM_GCC_484\Debug\BLE Lab 3.a(CyLib.o)
                0x000016b4                CySysClkWcoSetPowerMode
 .text.CySysWdtLock
                0x000016f4       0x34 .\CortexM0\ARM_GCC_484\Debug\BLE Lab 3.a(CyLib.o)
                0x000016f4                CySysWdtLock
 .text.CySysWdtLocked
                0x00001728       0x20 .\CortexM0\ARM_GCC_484\Debug\BLE Lab 3.a(CyLib.o)
 .text.CySysWdtUnlock
                0x00001748       0x4c .\CortexM0\ARM_GCC_484\Debug\BLE Lab 3.a(CyLib.o)
                0x00001748                CySysWdtUnlock
 .text.CySysWdtReadEnabledStatus
                0x00001794       0x30 .\CortexM0\ARM_GCC_484\Debug\BLE Lab 3.a(CyLib.o)
                0x00001794                CySysWdtReadEnabledStatus
 .text.CySysWdtWriteMode
                0x000017c4       0x60 .\CortexM0\ARM_GCC_484\Debug\BLE Lab 3.a(CyLib.o)
                0x000017c4                CySysWdtWriteMode
 .text.CySysWdtWriteClearOnMatch
                0x00001824       0x70 .\CortexM0\ARM_GCC_484\Debug\BLE Lab 3.a(CyLib.o)
                0x00001824                CySysWdtWriteClearOnMatch
 .text.CySysWdtEnable
                0x00001894       0x64 .\CortexM0\ARM_GCC_484\Debug\BLE Lab 3.a(CyLib.o)
                0x00001894                CySysWdtEnable
 .text.CySysWdtWriteMatch
                0x000018f8       0x90 .\CortexM0\ARM_GCC_484\Debug\BLE Lab 3.a(CyLib.o)
                0x000018f8                CySysWdtWriteMatch
 .text.CySysWdtClearInterrupt
                0x00001988       0x6c .\CortexM0\ARM_GCC_484\Debug\BLE Lab 3.a(CyLib.o)
                0x00001988                CySysWdtClearInterrupt
 .text.CyIntSetVector
                0x000019f4       0x4c .\CortexM0\ARM_GCC_484\Debug\BLE Lab 3.a(CyLib.o)
                0x000019f4                CyIntSetVector
 .text.CyIntSetPriority
                0x00001a40       0xa8 .\CortexM0\ARM_GCC_484\Debug\BLE Lab 3.a(CyLib.o)
                0x00001a40                CyIntSetPriority
 .text.CyIntEnable
                0x00001ae8       0x2c .\CortexM0\ARM_GCC_484\Debug\BLE Lab 3.a(CyLib.o)
                0x00001ae8                CyIntEnable
 .text.CyHalt   0x00001b14       0x14 .\CortexM0\ARM_GCC_484\Debug\BLE Lab 3.a(CyLib.o)
                0x00001b14                CyHalt
 .text.CyDelay  0x00001b28       0x48 .\CortexM0\ARM_GCC_484\Debug\BLE Lab 3.a(CyLib.o)
                0x00001b28                CyDelay
 .text.CyDelayUs
                0x00001b70       0x28 .\CortexM0\ARM_GCC_484\Debug\BLE Lab 3.a(CyLib.o)
                0x00001b70                CyDelayUs
 .text.CySysPmSleep
                0x00001b98       0x34 .\CortexM0\ARM_GCC_484\Debug\BLE Lab 3.a(cyPm.o)
                0x00001b98                CySysPmSleep
 .text.CySysPmDeepSleep
                0x00001bcc       0x6c .\CortexM0\ARM_GCC_484\Debug\BLE Lab 3.a(cyPm.o)
                0x00001bcc                CySysPmDeepSleep
 .text.CySysPmHibernate
                0x00001c38       0x6c .\CortexM0\ARM_GCC_484\Debug\BLE Lab 3.a(cyPm.o)
                0x00001c38                CySysPmHibernate
 .text.ADC_Start
                0x00001ca4       0x24 .\CortexM0\ARM_GCC_484\Debug\BLE Lab 3.a(ADC.o)
                0x00001ca4                ADC_Start
 .text.ADC_Init
                0x00001cc8      0x1c4 .\CortexM0\ARM_GCC_484\Debug\BLE Lab 3.a(ADC.o)
                0x00001cc8                ADC_Init
 .text.ADC_Enable
                0x00001e8c       0x38 .\CortexM0\ARM_GCC_484\Debug\BLE Lab 3.a(ADC.o)
                0x00001e8c                ADC_Enable
 .text.ADC_Stop
                0x00001ec4       0x18 .\CortexM0\ARM_GCC_484\Debug\BLE Lab 3.a(ADC.o)
                0x00001ec4                ADC_Stop
 .text.ADC_StartConvert
                0x00001edc       0x14 .\CortexM0\ARM_GCC_484\Debug\BLE Lab 3.a(ADC.o)
                0x00001edc                ADC_StartConvert
 .text.ADC_StopConvert
                0x00001ef0        0x8 .\CortexM0\ARM_GCC_484\Debug\BLE Lab 3.a(ADC.o)
                0x00001ef0                ADC_StopConvert
 .text.ADC_IsEndConversion
                0x00001ef8       0x48 .\CortexM0\ARM_GCC_484\Debug\BLE Lab 3.a(ADC.o)
                0x00001ef8                ADC_IsEndConversion
 .text.ADC_GetResult16
                0x00001f40       0x44 .\CortexM0\ARM_GCC_484\Debug\BLE Lab 3.a(ADC.o)
                0x00001f40                ADC_GetResult16
 .text.ADC_Sleep
                0x00001f84       0x84 .\CortexM0\ARM_GCC_484\Debug\BLE Lab 3.a(ADC_PM.o)
                0x00001f84                ADC_Sleep
 .text.ADC_Wakeup
                0x00002008       0x58 .\CortexM0\ARM_GCC_484\Debug\BLE Lab 3.a(ADC_PM.o)
                0x00002008                ADC_Wakeup
 .text.ADC_ISR  0x00002060       0x1c .\CortexM0\ARM_GCC_484\Debug\BLE Lab 3.a(ADC_INT.o)
                0x00002060                ADC_ISR
 .text.Opamp_Init
                0x0000207c       0x34 .\CortexM0\ARM_GCC_484\Debug\BLE Lab 3.a(Opamp.o)
                0x0000207c                Opamp_Init
 .text.Opamp_Enable
                0x000020b0       0x24 .\CortexM0\ARM_GCC_484\Debug\BLE Lab 3.a(Opamp.o)
                0x000020b0                Opamp_Enable
 .text.Opamp_Start
                0x000020d4       0x24 .\CortexM0\ARM_GCC_484\Debug\BLE Lab 3.a(Opamp.o)
                0x000020d4                Opamp_Start
 .text.PWM_Init
                0x000020f8       0x5c .\CortexM0\ARM_GCC_484\Debug\BLE Lab 3.a(PWM.o)
                0x000020f8                PWM_Init
 .text.PWM_Enable
                0x00002154       0x38 .\CortexM0\ARM_GCC_484\Debug\BLE Lab 3.a(PWM.o)
                0x00002154                PWM_Enable
 .text.PWM_Start
                0x0000218c       0x24 .\CortexM0\ARM_GCC_484\Debug\BLE Lab 3.a(PWM.o)
                0x0000218c                PWM_Start
 .text.PWM_WriteCounter
                0x000021b0       0x1c .\CortexM0\ARM_GCC_484\Debug\BLE Lab 3.a(PWM.o)
                0x000021b0                PWM_WriteCounter
 .text.PWM_ReadCounter
                0x000021cc       0x18 .\CortexM0\ARM_GCC_484\Debug\BLE Lab 3.a(PWM.o)
                0x000021cc                PWM_ReadCounter
 .text.PWM_WritePeriod
                0x000021e4       0x1c .\CortexM0\ARM_GCC_484\Debug\BLE Lab 3.a(PWM.o)
                0x000021e4                PWM_WritePeriod
 .text.PWM_WriteCompare
                0x00002200       0x1c .\CortexM0\ARM_GCC_484\Debug\BLE Lab 3.a(PWM.o)
                0x00002200                PWM_WriteCompare
 .text.PWM_ReadCompare
                0x0000221c       0x18 .\CortexM0\ARM_GCC_484\Debug\BLE Lab 3.a(PWM.o)
                0x0000221c                PWM_ReadCompare
 .text.PWM_TriggerCommand
                0x00002234       0x3c .\CortexM0\ARM_GCC_484\Debug\BLE Lab 3.a(PWM.o)
                0x00002234                PWM_TriggerCommand
 .text.PWM_SetInterruptMode
                0x00002270       0x18 .\CortexM0\ARM_GCC_484\Debug\BLE Lab 3.a(PWM.o)
                0x00002270                PWM_SetInterruptMode
 .text.CyBLE_Bless_LlRegWrite
                0x00002288       0x1c .\CortexM0\ARM_GCC_484\Debug\BLE Lab 3.a(BLE_1_HAL_PVT.o)
                0x00002288                CyBLE_Bless_LlRegWrite
 .text.CyBLE_Bless_RfRegWrite
                0x000022a4       0x1c .\CortexM0\ARM_GCC_484\Debug\BLE Lab 3.a(BLE_1_HAL_PVT.o)
                0x000022a4                CyBLE_Bless_RfRegWrite
 .text.CyBleHal_DelayUs
                0x000022c0       0x1c .\CortexM0\ARM_GCC_484\Debug\BLE Lab 3.a(BLE_1_HAL_PVT.o)
                0x000022c0                CyBleHal_DelayUs
 .text.CyBleHal_EnableGlobalInterrupts
                0x000022dc        0xc .\CortexM0\ARM_GCC_484\Debug\BLE Lab 3.a(BLE_1_HAL_PVT.o)
                0x000022dc                CyBleHal_EnableGlobalInterrupts
 .text.CyBleHal_DisableGlobalInterrupts
                0x000022e8        0xc .\CortexM0\ARM_GCC_484\Debug\BLE Lab 3.a(BLE_1_HAL_PVT.o)
                0x000022e8                CyBleHal_DisableGlobalInterrupts
 .text.CyBle_HalInit
                0x000022f4       0x20 .\CortexM0\ARM_GCC_484\Debug\BLE Lab 3.a(BLE_1_HAL_PVT.o)
                0x000022f4                CyBle_HalInit
 .text.CYBLE_BlessStart
                0x00002314       0x14 .\CortexM0\ARM_GCC_484\Debug\BLE Lab 3.a(BLE_1_HAL_PVT.o)
                0x00002314                CYBLE_BlessStart
 .text.BLE_1_bless_isr_StartEx
                0x00002328       0x24 .\CortexM0\ARM_GCC_484\Debug\BLE Lab 3.a(BLE_1_bless_isr.o)
                0x00002328                BLE_1_bless_isr_StartEx
 .text.BLE_1_bless_isr_SetVector
                0x0000234c       0x18 .\CortexM0\ARM_GCC_484\Debug\BLE Lab 3.a(BLE_1_bless_isr.o)
                0x0000234c                BLE_1_bless_isr_SetVector
 .text.BLE_1_bless_isr_SetPriority
                0x00002364       0x50 .\CortexM0\ARM_GCC_484\Debug\BLE Lab 3.a(BLE_1_bless_isr.o)
                0x00002364                BLE_1_bless_isr_SetPriority
 .text.BLE_1_bless_isr_Enable
                0x000023b4       0x14 .\CortexM0\ARM_GCC_484\Debug\BLE Lab 3.a(BLE_1_bless_isr.o)
                0x000023b4                BLE_1_bless_isr_Enable
 .text.BLE_1_bless_isr_Disable
                0x000023c8       0x14 .\CortexM0\ARM_GCC_484\Debug\BLE Lab 3.a(BLE_1_bless_isr.o)
                0x000023c8                BLE_1_bless_isr_Disable
 .text.CyBLE_Bless_Interrupt
                0x000023dc        0xc .\CortexM0\ARM_GCC_484\Debug\BLE Lab 3.a(BLE_1_HAL_INT.o)
                0x000023dc                CyBLE_Bless_Interrupt
 .text          0x000023e8       0x9c c:/program files (x86)/cypress/psoc creator/3.1/psoc creator/import/gnu_cs/arm/4.8.4/bin/../lib/gcc/arm-none-eabi/4.8.4/armv6-m\libgcc.a(_udivsi3.o)
                0x000023e8                __aeabi_uidiv
                0x000023e8                __udivsi3
                0x00002470                __aeabi_uidivmod
 .text          0x00002484       0xc0 c:/program files (x86)/cypress/psoc creator/3.1/psoc creator/import/gnu_cs/arm/4.8.4/bin/../lib/gcc/arm-none-eabi/4.8.4/armv6-m\libgcc.a(_divsi3.o)
                0x00002484                __divsi3
                0x00002484                __aeabi_idiv
                0x00002530                __aeabi_idivmod
 .text          0x00002544        0x4 c:/program files (x86)/cypress/psoc creator/3.1/psoc creator/import/gnu_cs/arm/4.8.4/bin/../lib/gcc/arm-none-eabi/4.8.4/armv6-m\libgcc.a(_dvmd_tls.o)
                0x00002544                __aeabi_idiv0
                0x00002544                __aeabi_ldiv0
 .text.__libc_init_array
                0x00002548       0x4c c:/program files (x86)/cypress/psoc creator/3.1/psoc creator/import/gnu_cs/arm/4.8.4/bin/../lib/gcc/arm-none-eabi/4.8.4/../../../../arm-none-eabi/lib/armv6-m\libg_s.a(lib_a-init.o)
                0x00002548                __libc_init_array
 .text.memcmp   0x00002594       0x1e c:/program files (x86)/cypress/psoc creator/3.1/psoc creator/import/gnu_cs/arm/4.8.4/bin/../lib/gcc/arm-none-eabi/4.8.4/../../../../arm-none-eabi/lib/armv6-m\libg_s.a(lib_a-memcmp.o)
                0x00002594                memcmp
 .text.memcpy   0x000025b2       0x12 c:/program files (x86)/cypress/psoc creator/3.1/psoc creator/import/gnu_cs/arm/4.8.4/bin/../lib/gcc/arm-none-eabi/4.8.4/../../../../arm-none-eabi/lib/armv6-m\libg_s.a(lib_a-memcpy-stub.o)
                0x000025b2                memcpy
 .text.memset   0x000025c4       0x10 c:/program files (x86)/cypress/psoc creator/3.1/psoc creator/import/gnu_cs/arm/4.8.4/bin/../lib/gcc/arm-none-eabi/4.8.4/../../../../arm-none-eabi/lib/armv6-m\libg_s.a(lib_a-memset.o)
                0x000025c4                memset
 *(.plt)
 *(.gnu.warning)
 *(.glue_7t)
 .glue_7t       0x00000000        0x0 linker stubs
 *(.glue_7)
 .glue_7        0x00000000        0x0 linker stubs
 *(.vfp11_veneer)
 .vfp11_veneer  0x00000000        0x0 linker stubs
 *(.bootloader)
 *(.ARM.extab* .gnu.linkonce.armextab.*)
 *(.gcc_except_table)

.v4_bx          0x000025d4        0x0
 .v4_bx         0x00000000        0x0 linker stubs

.iplt           0x000025d4        0x0
 .iplt          0x00000000        0x0 c:/program files (x86)/cypress/psoc creator/3.1/psoc creator/import/gnu_cs/arm/4.8.4/bin/../lib/gcc/arm-none-eabi/4.8.4/armv6-m/crtbegin.o

i.CyBle_ExitLPM
                0x000025d4        0x8
 i.CyBle_ExitLPM
                0x000025d4        0x8 C:\Program Files (x86)\Cypress\PSoC Creator\3.1\PSoC Creator\psoc\content\cycomponentlibrary\CyComponentLibrary.cylib\BLE_v1_20\Library\gccCyBLEStack_BLE_SOC_PERIPHERAL.a(CyBle.o)
                0x000025d4                CyBle_ExitLPM

i.CyBle_ProcessEvents
                0x000025dc        0x8
 i.CyBle_ProcessEvents
                0x000025dc        0x8 C:\Program Files (x86)\Cypress\PSoC Creator\3.1\PSoC Creator\psoc\content\cycomponentlibrary\CyComponentLibrary.cylib\BLE_v1_20\Library\gccCyBLEStack_BLE_SOC_PERIPHERAL.a(CyBle.o)
                0x000025dc                CyBle_ProcessEvents

i.CyBle_SetDeviceAddress
                0x000025e4       0x24
 i.CyBle_SetDeviceAddress
                0x000025e4       0x24 C:\Program Files (x86)\Cypress\PSoC Creator\3.1\PSoC Creator\psoc\content\cycomponentlibrary\CyComponentLibrary.cylib\BLE_v1_20\Library\gccCyBLEStack_BLE_SOC_PERIPHERAL.a(CyBle.o)
                0x000025e4                CyBle_SetDeviceAddress

i.CyBle_Shutdown
                0x00002608       0x28
 i.CyBle_Shutdown
                0x00002608       0x28 C:\Program Files (x86)\Cypress\PSoC Creator\3.1\PSoC Creator\psoc\content\cycomponentlibrary\CyComponentLibrary.cylib\BLE_v1_20\Library\gccCyBLEStack_BLE_SOC_PERIPHERAL.a(CyBle.o)
                0x00002608                CyBle_Shutdown

i.CyBle_StackInit
                0x00002630       0x84
 i.CyBle_StackInit
                0x00002630       0x84 C:\Program Files (x86)\Cypress\PSoC Creator\3.1\PSoC Creator\psoc\content\cycomponentlibrary\CyComponentLibrary.cylib\BLE_v1_20\Library\gccCyBLEStack_BLE_SOC_PERIPHERAL.a(CyBle.o)
                0x00002630                CyBle_StackInit

i.CyBleStackMgr_BleGetConfigData
                0x000026b4        0x4
 i.CyBleStackMgr_BleGetConfigData
                0x000026b4        0x4 C:\Program Files (x86)\Cypress\PSoC Creator\3.1\PSoC Creator\psoc\content\cycomponentlibrary\CyComponentLibrary.cylib\BLE_v1_20\Library\gccCyBLEStack_BLE_SOC_PERIPHERAL.a(CyBleStackMgrIP_Interface.o)
                0x000026b4                CyBleStackMgr_BleGetConfigData

i.CyBleStackMgr_BleSetConfigData
                0x000026b8        0x4
 i.CyBleStackMgr_BleSetConfigData
                0x000026b8        0x4 C:\Program Files (x86)\Cypress\PSoC Creator\3.1\PSoC Creator\psoc\content\cycomponentlibrary\CyComponentLibrary.cylib\BLE_v1_20\Library\gccCyBLEStack_BLE_SOC_PERIPHERAL.a(CyBleStackMgrIP_Interface.o)
                0x000026b8                CyBleStackMgr_BleSetConfigData

i.CyBleStackMgr_Init
                0x000026bc      0x104
 i.CyBleStackMgr_Init
                0x000026bc      0x104 C:\Program Files (x86)\Cypress\PSoC Creator\3.1\PSoC Creator\psoc\content\cycomponentlibrary\CyComponentLibrary.cylib\BLE_v1_20\Library\gccCyBLEStack_BLE_SOC_PERIPHERAL.a(CyBleStackMgrIP_Interface.o)
                0x000026bc                CyBleStackMgr_Init

i.CyBleStackMgr_ProcessBleEvents
                0x000027c0       0x14
 i.CyBleStackMgr_ProcessBleEvents
                0x000027c0       0x14 C:\Program Files (x86)\Cypress\PSoC Creator\3.1\PSoC Creator\psoc\content\cycomponentlibrary\CyComponentLibrary.cylib\BLE_v1_20\Library\gccCyBLEStack_BLE_SOC_PERIPHERAL.a(CyBleStackMgrIP_Interface.o)
                0x000027c0                CyBleStackMgr_ProcessBleEvents

i.CyBleStackMgr_Reset
                0x000027d4       0x16
 i.CyBleStackMgr_Reset
                0x000027d4       0x16 C:\Program Files (x86)\Cypress\PSoC Creator\3.1\PSoC Creator\psoc\content\cycomponentlibrary\CyComponentLibrary.cylib\BLE_v1_20\Library\gccCyBLEStack_BLE_SOC_PERIPHERAL.a(CyBleStackMgrIP_Interface.o)
                0x000027d4                CyBleStackMgr_Reset

i.CyBleStackMgr_Shutdown
                0x000027ec       0x18
 i.CyBleStackMgr_Shutdown
                0x000027ec       0x18 C:\Program Files (x86)\Cypress\PSoC Creator\3.1\PSoC Creator\psoc\content\cycomponentlibrary\CyComponentLibrary.cylib\BLE_v1_20\Library\gccCyBLEStack_BLE_SOC_PERIPHERAL.a(CyBleStackMgrIP_Interface.o)
                0x000027ec                CyBleStackMgr_Shutdown

i.ble_stack_idle_task_callback
                0x00002804        0x2
 i.ble_stack_idle_task_callback
                0x00002804        0x2 C:\Program Files (x86)\Cypress\PSoC Creator\3.1\PSoC Creator\psoc\content\cycomponentlibrary\CyComponentLibrary.cylib\BLE_v1_20\Library\gccCyBLEStack_BLE_SOC_PERIPHERAL.a(CyBleStackMgrIP_Interface.o)
                0x00002804                ble_stack_idle_task_callback

i.BT_OSFreeBuf  0x00002808       0x18
 i.BT_OSFreeBuf
                0x00002808       0x18 C:\Program Files (x86)\Cypress\PSoC Creator\3.1\PSoC Creator\psoc\content\cycomponentlibrary\CyComponentLibrary.cylib\BLE_v1_20\Library\gccCyBLEStack_BLE_SOC_PERIPHERAL.a(BT_os.o)
                0x00002808                BT_OSFreeBuf

i.BT_OSGetBuF   0x00002820       0x1c
 i.BT_OSGetBuF  0x00002820       0x1c C:\Program Files (x86)\Cypress\PSoC Creator\3.1\PSoC Creator\psoc\content\cycomponentlibrary\CyComponentLibrary.cylib\BLE_v1_20\Library\gccCyBLEStack_BLE_SOC_PERIPHERAL.a(BT_os.o)
                0x00002820                BT_OSGetBuF

i.BT_OSMemCreate
                0x0000283c       0x1c
 i.BT_OSMemCreate
                0x0000283c       0x1c C:\Program Files (x86)\Cypress\PSoC Creator\3.1\PSoC Creator\psoc\content\cycomponentlibrary\CyComponentLibrary.cylib\BLE_v1_20\Library\gccCyBLEStack_BLE_SOC_PERIPHERAL.a(BT_os.o)
                0x0000283c                BT_OSMemCreate

i.BT_alloc_mem_ext
                0x00002858       0x34
 i.BT_alloc_mem_ext
                0x00002858       0x34 C:\Program Files (x86)\Cypress\PSoC Creator\3.1\PSoC Creator\psoc\content\cycomponentlibrary\CyComponentLibrary.cylib\BLE_v1_20\Library\gccCyBLEStack_BLE_SOC_PERIPHERAL.a(BT_os.o)
                0x00002858                BT_alloc_mem_ext

i.BT_free_mem   0x0000288c        0xc
 i.BT_free_mem  0x0000288c        0xc C:\Program Files (x86)\Cypress\PSoC Creator\3.1\PSoC Creator\psoc\content\cycomponentlibrary\CyComponentLibrary.cylib\BLE_v1_20\Library\gccCyBLEStack_BLE_SOC_PERIPHERAL.a(BT_os.o)
                0x0000288c                BT_free_mem

i.bt_stack_init_os
                0x00002898       0x34
 i.bt_stack_init_os
                0x00002898       0x34 C:\Program Files (x86)\Cypress\PSoC Creator\3.1\PSoC Creator\psoc\content\cycomponentlibrary\CyComponentLibrary.cylib\BLE_v1_20\Library\gccCyBLEStack_BLE_SOC_PERIPHERAL.a(BT_os.o)
                0x00002898                bt_stack_init_os

i.CyBle_CheckBleStackTaskStatus
                0x000028cc        0x4
 i.CyBle_CheckBleStackTaskStatus
                0x000028cc        0x4 C:\Program Files (x86)\Cypress\PSoC Creator\3.1\PSoC Creator\psoc\content\cycomponentlibrary\CyComponentLibrary.cylib\BLE_v1_20\Library\gccCyBLEStack_BLE_SOC_PERIPHERAL.a(CyBleStackMgr_StackTaskHandler.o)
                0x000028cc                CyBle_CheckBleStackTaskStatus

i.CyBle_CreateBleStackTask
                0x000028d0       0x2c
 i.CyBle_CreateBleStackTask
                0x000028d0       0x2c C:\Program Files (x86)\Cypress\PSoC Creator\3.1\PSoC Creator\psoc\content\cycomponentlibrary\CyComponentLibrary.cylib\BLE_v1_20\Library\gccCyBLEStack_BLE_SOC_PERIPHERAL.a(CyBleStackMgr_StackTaskHandler.o)
                0x000028d0                CyBle_CreateBleStackTask

i.CyBle_SignalBleStackTask
                0x000028fc       0x50
 i.CyBle_SignalBleStackTask
                0x000028fc       0x50 C:\Program Files (x86)\Cypress\PSoC Creator\3.1\PSoC Creator\psoc\content\cycomponentlibrary\CyComponentLibrary.cylib\BLE_v1_20\Library\gccCyBLEStack_BLE_SOC_PERIPHERAL.a(CyBleStackMgr_StackTaskHandler.o)
                0x000028fc                CyBle_SignalBleStackTask

i.CyBle_StackTaskHandler
                0x0000294c       0x5c
 i.CyBle_StackTaskHandler
                0x0000294c       0x5c C:\Program Files (x86)\Cypress\PSoC Creator\3.1\PSoC Creator\psoc\content\cycomponentlibrary\CyComponentLibrary.cylib\BLE_v1_20\Library\gccCyBLEStack_BLE_SOC_PERIPHERAL.a(CyBleStackMgr_StackTaskHandler.o)
                0x0000294c                CyBle_StackTaskHandler

i.__ARM_common_switch8
                0x000029a8       0x1a
 i.__ARM_common_switch8
                0x000029a8       0x1a C:\Program Files (x86)\Cypress\PSoC Creator\3.1\PSoC Creator\psoc\content\cycomponentlibrary\CyComponentLibrary.cylib\BLE_v1_20\Library\gccCyBLEStack_BLE_SOC_PERIPHERAL.a(CyBleStackMgr_StackTaskHandler.o)
                0x000029a8                __ARM_common_switch8

i.hci_soft_transport_notify_data_received
                0x000029c4        0xc
 i.hci_soft_transport_notify_data_received
                0x000029c4        0xc C:\Program Files (x86)\Cypress\PSoC Creator\3.1\PSoC Creator\psoc\content\cycomponentlibrary\CyComponentLibrary.cylib\BLE_v1_20\Library\gccCyBLEStack_BLE_SOC_PERIPHERAL.a(transport_sf.o)
                0x000029c4                hci_soft_transport_notify_data_received

i.hci_soft_transport_rx_data
                0x000029d0       0x40
 i.hci_soft_transport_rx_data
                0x000029d0       0x40 C:\Program Files (x86)\Cypress\PSoC Creator\3.1\PSoC Creator\psoc\content\cycomponentlibrary\CyComponentLibrary.cylib\BLE_v1_20\Library\gccCyBLEStack_BLE_SOC_PERIPHERAL.a(transport_sf.o)
                0x000029d0                hci_soft_transport_rx_data

i.hci_transport_bt_init
                0x00002a10        0x2
 i.hci_transport_bt_init
                0x00002a10        0x2 C:\Program Files (x86)\Cypress\PSoC Creator\3.1\PSoC Creator\psoc\content\cycomponentlibrary\CyComponentLibrary.cylib\BLE_v1_20\Library\gccCyBLEStack_BLE_SOC_PERIPHERAL.a(transport_sf.o)
                0x00002a10                hci_transport_bt_init

i.hci_transport_bt_shutdown
                0x00002a12        0x2
 i.hci_transport_bt_shutdown
                0x00002a12        0x2 C:\Program Files (x86)\Cypress\PSoC Creator\3.1\PSoC Creator\psoc\content\cycomponentlibrary\CyComponentLibrary.cylib\BLE_v1_20\Library\gccCyBLEStack_BLE_SOC_PERIPHERAL.a(transport_sf.o)
                0x00002a12                hci_transport_bt_shutdown

i.hci_transport_init
                0x00002a14       0x10
 i.hci_transport_init
                0x00002a14       0x10 C:\Program Files (x86)\Cypress\PSoC Creator\3.1\PSoC Creator\psoc\content\cycomponentlibrary\CyComponentLibrary.cylib\BLE_v1_20\Library\gccCyBLEStack_BLE_SOC_PERIPHERAL.a(transport_sf.o)
                0x00002a14                hci_transport_init

i.hci_transport_write_data
                0x00002a24       0xd4
 i.hci_transport_write_data
                0x00002a24       0xd4 C:\Program Files (x86)\Cypress\PSoC Creator\3.1\PSoC Creator\psoc\content\cycomponentlibrary\CyComponentLibrary.cylib\BLE_v1_20\Library\gccCyBLEStack_BLE_SOC_PERIPHERAL.a(transport_sf.o)
                0x00002a24                hci_transport_write_data

i.pf_hci_soft_transport_write
                0x00002af8       0x44
 i.pf_hci_soft_transport_write
                0x00002af8       0x44 C:\Program Files (x86)\Cypress\PSoC Creator\3.1\PSoC Creator\psoc\content\cycomponentlibrary\CyComponentLibrary.cylib\BLE_v1_20\Library\gccCyBLEStack_BLE_SOC_PERIPHERAL.a(transport_sf.o)
                0x00002af8                pf_hci_soft_transport_write

i.pf_soft_hci_transport_init
                0x00002b3c        0xc
 i.pf_soft_hci_transport_init
                0x00002b3c        0xc C:\Program Files (x86)\Cypress\PSoC Creator\3.1\PSoC Creator\psoc\content\cycomponentlibrary\CyComponentLibrary.cylib\BLE_v1_20\Library\gccCyBLEStack_BLE_SOC_PERIPHERAL.a(transport_sf.o)
                0x00002b3c                pf_soft_hci_transport_init

i.CyBleStackMgr_GetTime
                0x00002b48       0x14
 i.CyBleStackMgr_GetTime
                0x00002b48       0x14 C:\Program Files (x86)\Cypress\PSoC Creator\3.1\PSoC Creator\psoc\content\cycomponentlibrary\CyComponentLibrary.cylib\BLE_v1_20\Library\gccCyBLEStack_BLE_SOC_PERIPHERAL.a(CyBleStackMgr_PSoCHal.o)
                0x00002b48                CyBleStackMgr_GetTime

i.CyBleStackMgr_HalInit
                0x00002b5c       0x24
 i.CyBleStackMgr_HalInit
                0x00002b5c       0x24 C:\Program Files (x86)\Cypress\PSoC Creator\3.1\PSoC Creator\psoc\content\cycomponentlibrary\CyComponentLibrary.cylib\BLE_v1_20\Library\gccCyBLEStack_BLE_SOC_PERIPHERAL.a(CyBleStackMgr_PSoCHal.o)
                0x00002b5c                CyBleStackMgr_HalInit

i.CyBleStackMgr_HalIntrEnable
                0x00002b80        0x8
 i.CyBleStackMgr_HalIntrEnable
                0x00002b80        0x8 C:\Program Files (x86)\Cypress\PSoC Creator\3.1\PSoC Creator\psoc\content\cycomponentlibrary\CyComponentLibrary.cylib\BLE_v1_20\Library\gccCyBLEStack_BLE_SOC_PERIPHERAL.a(CyBleStackMgr_PSoCHal.o)
                0x00002b80                CyBleStackMgr_HalIntrEnable

i.CyBleStackMgr_HalReset
                0x00002b88        0x4
 i.CyBleStackMgr_HalReset
                0x00002b88        0x4 C:\Program Files (x86)\Cypress\PSoC Creator\3.1\PSoC Creator\psoc\content\cycomponentlibrary\CyComponentLibrary.cylib\BLE_v1_20\Library\gccCyBLEStack_BLE_SOC_PERIPHERAL.a(CyBleStackMgr_PSoCHal.o)
                0x00002b88                CyBleStackMgr_HalReset

i.CyBleStackMgr_HandleLinkLayerTick
                0x00002b8c       0x5c
 i.CyBleStackMgr_HandleLinkLayerTick
                0x00002b8c       0x5c C:\Program Files (x86)\Cypress\PSoC Creator\3.1\PSoC Creator\psoc\content\cycomponentlibrary\CyComponentLibrary.cylib\BLE_v1_20\Library\gccCyBLEStack_BLE_SOC_PERIPHERAL.a(CyBleStackMgr_PSoCHal.o)
                0x00002b8c                CyBleStackMgr_HandleLinkLayerTick

i.CyBleStackMgr_HciPortInit
                0x00002be8        0xc
 i.CyBleStackMgr_HciPortInit
                0x00002be8        0xc C:\Program Files (x86)\Cypress\PSoC Creator\3.1\PSoC Creator\psoc\content\cycomponentlibrary\CyComponentLibrary.cylib\BLE_v1_20\Library\gccCyBLEStack_BLE_SOC_PERIPHERAL.a(CyBleStackMgr_PSoCHal.o)
                0x00002be8                CyBleStackMgr_HciPortInit

i.CyBleStackMgr_HciPortReset
                0x00002bf4        0x2
 i.CyBleStackMgr_HciPortReset
                0x00002bf4        0x2 C:\Program Files (x86)\Cypress\PSoC Creator\3.1\PSoC Creator\psoc\content\cycomponentlibrary\CyComponentLibrary.cylib\BLE_v1_20\Library\gccCyBLEStack_BLE_SOC_PERIPHERAL.a(CyBleStackMgr_PSoCHal.o)
                0x00002bf4                CyBleStackMgr_HciPortReset

i.CyBleStackMgr_HciPortWrite
                0x00002bf6        0x8
 i.CyBleStackMgr_HciPortWrite
                0x00002bf6        0x8 C:\Program Files (x86)\Cypress\PSoC Creator\3.1\PSoC Creator\psoc\content\cycomponentlibrary\CyComponentLibrary.cylib\BLE_v1_20\Library\gccCyBLEStack_BLE_SOC_PERIPHERAL.a(CyBleStackMgr_PSoCHal.o)
                0x00002bf6                CyBleStackMgr_HciPortWrite

i.CyBleStackMgr_ResetLinkLayerTimerEntity
                0x00002c00       0x14
 i.CyBleStackMgr_ResetLinkLayerTimerEntity
                0x00002c00       0x14 C:\Program Files (x86)\Cypress\PSoC Creator\3.1\PSoC Creator\psoc\content\cycomponentlibrary\CyComponentLibrary.cylib\BLE_v1_20\Library\gccCyBLEStack_BLE_SOC_PERIPHERAL.a(CyBleStackMgr_PSoCHal.o)
                0x00002c00                CyBleStackMgr_ResetLinkLayerTimerEntity

i.CyBleStackMgr_TimerStart
                0x00002c14       0x2c
 i.CyBleStackMgr_TimerStart
                0x00002c14       0x2c C:\Program Files (x86)\Cypress\PSoC Creator\3.1\PSoC Creator\psoc\content\cycomponentlibrary\CyComponentLibrary.cylib\BLE_v1_20\Library\gccCyBLEStack_BLE_SOC_PERIPHERAL.a(CyBleStackMgr_PSoCHal.o)
                0x00002c14                CyBleStackMgr_TimerStart

i.CyBleStackMgr_TimerStop
                0x00002c40       0x18
 i.CyBleStackMgr_TimerStop
                0x00002c40       0x18 C:\Program Files (x86)\Cypress\PSoC Creator\3.1\PSoC Creator\psoc\content\cycomponentlibrary\CyComponentLibrary.cylib\BLE_v1_20\Library\gccCyBLEStack_BLE_SOC_PERIPHERAL.a(CyBleStackMgr_PSoCHal.o)
                0x00002c40                CyBleStackMgr_TimerStop

i.CyBleStackMgr_isTimerRunning
                0x00002c58       0x10
 i.CyBleStackMgr_isTimerRunning
                0x00002c58       0x10 C:\Program Files (x86)\Cypress\PSoC Creator\3.1\PSoC Creator\psoc\content\cycomponentlibrary\CyComponentLibrary.cylib\BLE_v1_20\Library\gccCyBLEStack_BLE_SOC_PERIPHERAL.a(CyBleStackMgr_PSoCHal.o)
                0x00002c58                CyBleStackMgr_isTimerRunning

i.CyBleAtlantisRadioInit
                0x00002c68      0x1ac
 i.CyBleAtlantisRadioInit
                0x00002c68      0x1ac C:\Program Files (x86)\Cypress\PSoC Creator\3.1\PSoC Creator\psoc\content\cycomponentlibrary\CyComponentLibrary.cylib\BLE_v1_20\Library\gccCyBLEStack_BLE_SOC_PERIPHERAL.a(CyBleStackMgr_BleSSDriver.o)

i.CyBleStackMgr_BleSSFifoRead
                0x00002e14       0x38
 i.CyBleStackMgr_BleSSFifoRead
                0x00002e14       0x38 C:\Program Files (x86)\Cypress\PSoC Creator\3.1\PSoC Creator\psoc\content\cycomponentlibrary\CyComponentLibrary.cylib\BLE_v1_20\Library\gccCyBLEStack_BLE_SOC_PERIPHERAL.a(CyBleStackMgr_BleSSDriver.o)
                0x00002e14                CyBleStackMgr_BleSSFifoRead

i.CyBleStackMgr_BleSSFifoWrite
                0x00002e4c       0x30
 i.CyBleStackMgr_BleSSFifoWrite
                0x00002e4c       0x30 C:\Program Files (x86)\Cypress\PSoC Creator\3.1\PSoC Creator\psoc\content\cycomponentlibrary\CyComponentLibrary.cylib\BLE_v1_20\Library\gccCyBLEStack_BLE_SOC_PERIPHERAL.a(CyBleStackMgr_BleSSDriver.o)
                0x00002e4c                CyBleStackMgr_BleSSFifoWrite

i.CyBleStackMgr_BleSSInit
                0x00002e7c       0x50
 i.CyBleStackMgr_BleSSInit
                0x00002e7c       0x50 C:\Program Files (x86)\Cypress\PSoC Creator\3.1\PSoC Creator\psoc\content\cycomponentlibrary\CyComponentLibrary.cylib\BLE_v1_20\Library\gccCyBLEStack_BLE_SOC_PERIPHERAL.a(CyBleStackMgr_BleSSDriver.o)
                0x00002e7c                CyBleStackMgr_BleSSInit

i.CyBleStackMgr_BleSSMemRead
                0x00002ecc       0x26
 i.CyBleStackMgr_BleSSMemRead
                0x00002ecc       0x26 C:\Program Files (x86)\Cypress\PSoC Creator\3.1\PSoC Creator\psoc\content\cycomponentlibrary\CyComponentLibrary.cylib\BLE_v1_20\Library\gccCyBLEStack_BLE_SOC_PERIPHERAL.a(CyBleStackMgr_BleSSDriver.o)
                0x00002ecc                CyBleStackMgr_BleSSMemRead

i.CyBleStackMgr_BleSSMemWrite
                0x00002ef4       0x34
 i.CyBleStackMgr_BleSSMemWrite
                0x00002ef4       0x34 C:\Program Files (x86)\Cypress\PSoC Creator\3.1\PSoC Creator\psoc\content\cycomponentlibrary\CyComponentLibrary.cylib\BLE_v1_20\Library\gccCyBLEStack_BLE_SOC_PERIPHERAL.a(CyBleStackMgr_BleSSDriver.o)
                0x00002ef4                CyBleStackMgr_BleSSMemWrite

i.CyBleStackMgr_BleSSRegRead
                0x00002f28        0xc
 i.CyBleStackMgr_BleSSRegRead
                0x00002f28        0xc C:\Program Files (x86)\Cypress\PSoC Creator\3.1\PSoC Creator\psoc\content\cycomponentlibrary\CyComponentLibrary.cylib\BLE_v1_20\Library\gccCyBLEStack_BLE_SOC_PERIPHERAL.a(CyBleStackMgr_BleSSDriver.o)
                0x00002f28                CyBleStackMgr_BleSSRegRead

i.CyBleStackMgr_BleSSRegWrite
                0x00002f34        0xc
 i.CyBleStackMgr_BleSSRegWrite
                0x00002f34        0xc C:\Program Files (x86)\Cypress\PSoC Creator\3.1\PSoC Creator\psoc\content\cycomponentlibrary\CyComponentLibrary.cylib\BLE_v1_20\Library\gccCyBLEStack_BLE_SOC_PERIPHERAL.a(CyBleStackMgr_BleSSDriver.o)
                0x00002f34                CyBleStackMgr_BleSSRegWrite

i.CyBleStackMgr_BleSSReset
                0x00002f40       0x38
 i.CyBleStackMgr_BleSSReset
                0x00002f40       0x38 C:\Program Files (x86)\Cypress\PSoC Creator\3.1\PSoC Creator\psoc\content\cycomponentlibrary\CyComponentLibrary.cylib\BLE_v1_20\Library\gccCyBLEStack_BLE_SOC_PERIPHERAL.a(CyBleStackMgr_BleSSDriver.o)
                0x00002f40                CyBleStackMgr_BleSSReset

i.CyBleStackMgr_BleSSShutdown
                0x00002f78       0x24
 i.CyBleStackMgr_BleSSShutdown
                0x00002f78       0x24 C:\Program Files (x86)\Cypress\PSoC Creator\3.1\PSoC Creator\psoc\content\cycomponentlibrary\CyComponentLibrary.cylib\BLE_v1_20\Library\gccCyBLEStack_BLE_SOC_PERIPHERAL.a(CyBleStackMgr_BleSSDriver.o)
                0x00002f78                CyBleStackMgr_BleSSShutdown

i.CyBleStackMgr_GenericIface
                0x00002f9c       0x3c
 i.CyBleStackMgr_GenericIface
                0x00002f9c       0x3c C:\Program Files (x86)\Cypress\PSoC Creator\3.1\PSoC Creator\psoc\content\cycomponentlibrary\CyComponentLibrary.cylib\BLE_v1_20\Library\gccCyBLEStack_BLE_SOC_PERIPHERAL.a(CyBleStackMgr_BleSSDriver.o)
                0x00002f9c                CyBleStackMgr_GenericIface

i.CyBleStackMgr_HandleBleSSIntr
                0x00002fd8       0x90
 i.CyBleStackMgr_HandleBleSSIntr
                0x00002fd8       0x90 C:\Program Files (x86)\Cypress\PSoC Creator\3.1\PSoC Creator\psoc\content\cycomponentlibrary\CyComponentLibrary.cylib\BLE_v1_20\Library\gccCyBLEStack_BLE_SOC_PERIPHERAL.a(CyBleStackMgr_BleSSDriver.o)
                0x00002fd8                CyBleStackMgr_HandleBleSSIntr

i.CyBleStackMgr_SetClockParam
                0x00003068       0xb4
 i.CyBleStackMgr_SetClockParam
                0x00003068       0xb4 C:\Program Files (x86)\Cypress\PSoC Creator\3.1\PSoC Creator\psoc\content\cycomponentlibrary\CyComponentLibrary.cylib\BLE_v1_20\Library\gccCyBLEStack_BLE_SOC_PERIPHERAL.a(CyBleStackMgr_BleSSDriver.o)

i.CyBle_ExitDsmMode
                0x0000311c       0x2c
 i.CyBle_ExitDsmMode
                0x0000311c       0x2c C:\Program Files (x86)\Cypress\PSoC Creator\3.1\PSoC Creator\psoc\content\cycomponentlibrary\CyComponentLibrary.cylib\BLE_v1_20\Library\gccCyBLEStack_BLE_SOC_PERIPHERAL.a(CyBleStackMgr_BleSSDriver.o)
                0x0000311c                CyBle_ExitDsmMode

i.CyBle_GetBleSsOperationalMode
                0x00003148        0xc
 i.CyBle_GetBleSsOperationalMode
                0x00003148        0xc C:\Program Files (x86)\Cypress\PSoC Creator\3.1\PSoC Creator\psoc\content\cycomponentlibrary\CyComponentLibrary.cylib\BLE_v1_20\Library\gccCyBLEStack_BLE_SOC_PERIPHERAL.a(CyBleStackMgr_BleSSDriver.o)
                0x00003148                CyBle_GetBleSsOperationalMode

i.CyBle_GetEventCloseState
                0x00003154       0x10
 i.CyBle_GetEventCloseState
                0x00003154       0x10 C:\Program Files (x86)\Cypress\PSoC Creator\3.1\PSoC Creator\psoc\content\cycomponentlibrary\CyComponentLibrary.cylib\BLE_v1_20\Library\gccCyBLEStack_BLE_SOC_PERIPHERAL.a(CyBleStackMgr_BleSSDriver.o)
                0x00003154                CyBle_GetEventCloseState

i.CyBle_GetLpMode
                0x00003164       0x26
 i.CyBle_GetLpMode
                0x00003164       0x26 C:\Program Files (x86)\Cypress\PSoC Creator\3.1\PSoC Creator\psoc\content\cycomponentlibrary\CyComponentLibrary.cylib\BLE_v1_20\Library\gccCyBLEStack_BLE_SOC_PERIPHERAL.a(CyBleStackMgr_BleSSDriver.o)
                0x00003164                CyBle_GetLpMode

i.CyBle_GetTxGainMode
                0x0000318c       0x2c
 i.CyBle_GetTxGainMode
                0x0000318c       0x2c C:\Program Files (x86)\Cypress\PSoC Creator\3.1\PSoC Creator\psoc\content\cycomponentlibrary\CyComponentLibrary.cylib\BLE_v1_20\Library\gccCyBLEStack_BLE_SOC_PERIPHERAL.a(CyBleStackMgr_BleSSDriver.o)
                0x0000318c                CyBle_GetTxGainMode

i.CyBle_SetBleSsOperationalMode
                0x000031b8       0x20
 i.CyBle_SetBleSsOperationalMode
                0x000031b8       0x20 C:\Program Files (x86)\Cypress\PSoC Creator\3.1\PSoC Creator\psoc\content\cycomponentlibrary\CyComponentLibrary.cylib\BLE_v1_20\Library\gccCyBLEStack_BLE_SOC_PERIPHERAL.a(CyBleStackMgr_BleSSDriver.o)
                0x000031b8                CyBle_SetBleSsOperationalMode

i.CyBle_SetEventCloseState
                0x000031d8        0xc
 i.CyBle_SetEventCloseState
                0x000031d8        0xc C:\Program Files (x86)\Cypress\PSoC Creator\3.1\PSoC Creator\psoc\content\cycomponentlibrary\CyComponentLibrary.cylib\BLE_v1_20\Library\gccCyBLEStack_BLE_SOC_PERIPHERAL.a(CyBleStackMgr_BleSSDriver.o)
                0x000031d8                CyBle_SetEventCloseState

i.CyBle_SetRxGainMode
                0x000031e4       0x20
 i.CyBle_SetRxGainMode
                0x000031e4       0x20 C:\Program Files (x86)\Cypress\PSoC Creator\3.1\PSoC Creator\psoc\content\cycomponentlibrary\CyComponentLibrary.cylib\BLE_v1_20\Library\gccCyBLEStack_BLE_SOC_PERIPHERAL.a(CyBleStackMgr_BleSSDriver.o)
                0x000031e4                CyBle_SetRxGainMode

i.CyBle_SetTxGainMode
                0x00003204       0x38
 i.CyBle_SetTxGainMode
                0x00003204       0x38 C:\Program Files (x86)\Cypress\PSoC Creator\3.1\PSoC Creator\psoc\content\cycomponentlibrary\CyComponentLibrary.cylib\BLE_v1_20\Library\gccCyBLEStack_BLE_SOC_PERIPHERAL.a(CyBleStackMgr_BleSSDriver.o)
                0x00003204                CyBle_SetTxGainMode

i.pf_rf_get_abs_rssi
                0x0000323c       0x24
 i.pf_rf_get_abs_rssi
                0x0000323c       0x24 C:\Program Files (x86)\Cypress\PSoC Creator\3.1\PSoC Creator\psoc\content\cycomponentlibrary\CyComponentLibrary.cylib\BLE_v1_20\Library\gccCyBLEStack_BLE_SOC_PERIPHERAL.a(CyBleStackMgr_BleSSDriver.o)
                0x0000323c                pf_rf_get_abs_rssi

i.OS_init       0x00003260       0x64
 i.OS_init      0x00003260       0x64 C:\Program Files (x86)\Cypress\PSoC Creator\3.1\PSoC Creator\psoc\content\cycomponentlibrary\CyComponentLibrary.cylib\BLE_v1_20\Library\gccCyBLEStack_BLE_SOC_PERIPHERAL.a(mint_os.o)
                0x00003260                OS_init

i.OS_shutdown   0x000032c4        0x4
 i.OS_shutdown  0x000032c4        0x4 C:\Program Files (x86)\Cypress\PSoC Creator\3.1\PSoC Creator\psoc\content\cycomponentlibrary\CyComponentLibrary.cylib\BLE_v1_20\Library\gccCyBLEStack_BLE_SOC_PERIPHERAL.a(mint_os.o)
                0x000032c4                OS_shutdown

i.mintos_malloc
                0x000032c8       0x34
 i.mintos_malloc
                0x000032c8       0x34 C:\Program Files (x86)\Cypress\PSoC Creator\3.1\PSoC Creator\psoc\content\cycomponentlibrary\CyComponentLibrary.cylib\BLE_v1_20\Library\gccCyBLEStack_BLE_SOC_PERIPHERAL.a(mint_os.o)
                0x000032c8                mintos_malloc

i.OS_create_queue
                0x000032fc       0x64
 i.OS_create_queue
                0x000032fc       0x64 C:\Program Files (x86)\Cypress\PSoC Creator\3.1\PSoC Creator\psoc\content\cycomponentlibrary\CyComponentLibrary.cylib\BLE_v1_20\Library\gccCyBLEStack_BLE_SOC_PERIPHERAL.a(mint_os_queue.o)
                0x000032fc                OS_create_queue

i.OS_enqueue_item
                0x00003360       0x8c
 i.OS_enqueue_item
                0x00003360       0x8c C:\Program Files (x86)\Cypress\PSoC Creator\3.1\PSoC Creator\psoc\content\cycomponentlibrary\CyComponentLibrary.cylib\BLE_v1_20\Library\gccCyBLEStack_BLE_SOC_PERIPHERAL.a(mint_os_queue.o)
                0x00003360                OS_enqueue_item

i.OS_queue_get_num_of_items
                0x000033ec       0x28
 i.OS_queue_get_num_of_items
                0x000033ec       0x28 C:\Program Files (x86)\Cypress\PSoC Creator\3.1\PSoC Creator\psoc\content\cycomponentlibrary\CyComponentLibrary.cylib\BLE_v1_20\Library\gccCyBLEStack_BLE_SOC_PERIPHERAL.a(mint_os_queue.o)
                0x000033ec                OS_queue_get_num_of_items

i.OS_queue_mgmt_init
                0x00003414       0x40
 i.OS_queue_mgmt_init
                0x00003414       0x40 C:\Program Files (x86)\Cypress\PSoC Creator\3.1\PSoC Creator\psoc\content\cycomponentlibrary\CyComponentLibrary.cylib\BLE_v1_20\Library\gccCyBLEStack_BLE_SOC_PERIPHERAL.a(mint_os_queue.o)
                0x00003414                OS_queue_mgmt_init

i.OS_remove_item
                0x00003454       0xa0
 i.OS_remove_item
                0x00003454       0xa0 C:\Program Files (x86)\Cypress\PSoC Creator\3.1\PSoC Creator\psoc\content\cycomponentlibrary\CyComponentLibrary.cylib\BLE_v1_20\Library\gccCyBLEStack_BLE_SOC_PERIPHERAL.a(mint_os_queue.o)
                0x00003454                OS_remove_item

i.OS_create_task
                0x000034f4       0x88
 i.OS_create_task
                0x000034f4       0x88 C:\Program Files (x86)\Cypress\PSoC Creator\3.1\PSoC Creator\psoc\content\cycomponentlibrary\CyComponentLibrary.cylib\BLE_v1_20\Library\gccCyBLEStack_BLE_SOC_PERIPHERAL.a(mint_os_task.o)
                0x000034f4                OS_create_task

i.OS_isr_send_signal_to_task
                0x0000357c        0xc
 i.OS_isr_send_signal_to_task
                0x0000357c        0xc C:\Program Files (x86)\Cypress\PSoC Creator\3.1\PSoC Creator\psoc\content\cycomponentlibrary\CyComponentLibrary.cylib\BLE_v1_20\Library\gccCyBLEStack_BLE_SOC_PERIPHERAL.a(mint_os_task.o)
                0x0000357c                OS_isr_send_signal_to_task

i.OS_scheduler  0x00003588       0x64
 i.OS_scheduler
                0x00003588       0x64 C:\Program Files (x86)\Cypress\PSoC Creator\3.1\PSoC Creator\psoc\content\cycomponentlibrary\CyComponentLibrary.cylib\BLE_v1_20\Library\gccCyBLEStack_BLE_SOC_PERIPHERAL.a(mint_os_task.o)
                0x00003588                OS_scheduler

i.OS_send_signal_to_task
                0x000035ec        0xc
 i.OS_send_signal_to_task
                0x000035ec        0xc C:\Program Files (x86)\Cypress\PSoC Creator\3.1\PSoC Creator\psoc\content\cycomponentlibrary\CyComponentLibrary.cylib\BLE_v1_20\Library\gccCyBLEStack_BLE_SOC_PERIPHERAL.a(mint_os_task.o)
                0x000035ec                OS_send_signal_to_task

i.OS_send_signal_to_task_context
                0x000035f8       0x3c
 i.OS_send_signal_to_task_context
                0x000035f8       0x3c C:\Program Files (x86)\Cypress\PSoC Creator\3.1\PSoC Creator\psoc\content\cycomponentlibrary\CyComponentLibrary.cylib\BLE_v1_20\Library\gccCyBLEStack_BLE_SOC_PERIPHERAL.a(mint_os_task.o)

i.OS_task_mgmt_init
                0x00003634       0x50
 i.OS_task_mgmt_init
                0x00003634       0x50 C:\Program Files (x86)\Cypress\PSoC Creator\3.1\PSoC Creator\psoc\content\cycomponentlibrary\CyComponentLibrary.cylib\BLE_v1_20\Library\gccCyBLEStack_BLE_SOC_PERIPHERAL.a(mint_os_task.o)
                0x00003634                OS_task_mgmt_init

i.mint_buf_mgmt_allocate_buffer
                0x00003684       0x4c
 i.mint_buf_mgmt_allocate_buffer
                0x00003684       0x4c C:\Program Files (x86)\Cypress\PSoC Creator\3.1\PSoC Creator\psoc\content\cycomponentlibrary\CyComponentLibrary.cylib\BLE_v1_20\Library\gccCyBLEStack_BLE_SOC_PERIPHERAL.a(mint_buf_mgmt.o)
                0x00003684                mint_buf_mgmt_allocate_buffer

i.mint_buf_mgmt_create_pool
                0x000036d0       0xd8
 i.mint_buf_mgmt_create_pool
                0x000036d0       0xd8 C:\Program Files (x86)\Cypress\PSoC Creator\3.1\PSoC Creator\psoc\content\cycomponentlibrary\CyComponentLibrary.cylib\BLE_v1_20\Library\gccCyBLEStack_BLE_SOC_PERIPHERAL.a(mint_buf_mgmt.o)
                0x000036d0                mint_buf_mgmt_create_pool

i.mint_buf_mgmt_free_buffer
                0x000037a8       0xa4
 i.mint_buf_mgmt_free_buffer
                0x000037a8       0xa4 C:\Program Files (x86)\Cypress\PSoC Creator\3.1\PSoC Creator\psoc\content\cycomponentlibrary\CyComponentLibrary.cylib\BLE_v1_20\Library\gccCyBLEStack_BLE_SOC_PERIPHERAL.a(mint_buf_mgmt.o)
                0x000037a8                mint_buf_mgmt_free_buffer

i.mint_buf_mgmt_get_free_heap
                0x0000384c       0x1c
 i.mint_buf_mgmt_get_free_heap
                0x0000384c       0x1c C:\Program Files (x86)\Cypress\PSoC Creator\3.1\PSoC Creator\psoc\content\cycomponentlibrary\CyComponentLibrary.cylib\BLE_v1_20\Library\gccCyBLEStack_BLE_SOC_PERIPHERAL.a(mint_buf_mgmt.o)
                0x0000384c                mint_buf_mgmt_get_free_heap

i.mint_buf_mgmt_init
                0x00003868       0x44
 i.mint_buf_mgmt_init
                0x00003868       0x44 C:\Program Files (x86)\Cypress\PSoC Creator\3.1\PSoC Creator\psoc\content\cycomponentlibrary\CyComponentLibrary.cylib\BLE_v1_20\Library\gccCyBLEStack_BLE_SOC_PERIPHERAL.a(mint_buf_mgmt.o)
                0x00003868                mint_buf_mgmt_init

i.mint_buf_mgmt_malloc
                0x000038ac       0x2c
 i.mint_buf_mgmt_malloc
                0x000038ac       0x2c C:\Program Files (x86)\Cypress\PSoC Creator\3.1\PSoC Creator\psoc\content\cycomponentlibrary\CyComponentLibrary.cylib\BLE_v1_20\Library\gccCyBLEStack_BLE_SOC_PERIPHERAL.a(mint_buf_mgmt.o)
                0x000038ac                mint_buf_mgmt_malloc

i.mint_buf_mgmt_reset_pool
                0x000038d8       0x70
 i.mint_buf_mgmt_reset_pool
                0x000038d8       0x70 C:\Program Files (x86)\Cypress\PSoC Creator\3.1\PSoC Creator\psoc\content\cycomponentlibrary\CyComponentLibrary.cylib\BLE_v1_20\Library\gccCyBLEStack_BLE_SOC_PERIPHERAL.a(mint_buf_mgmt.o)
                0x000038d8                mint_buf_mgmt_reset_pool

i.mint_buf_mgmt_stack_init
                0x00003948       0x24
 i.mint_buf_mgmt_stack_init
                0x00003948       0x24 C:\Program Files (x86)\Cypress\PSoC Creator\3.1\PSoC Creator\psoc\content\cycomponentlibrary\CyComponentLibrary.cylib\BLE_v1_20\Library\gccCyBLEStack_BLE_SOC_PERIPHERAL.a(mint_buf_mgmt.o)
                0x00003948                mint_buf_mgmt_stack_init

i.mint_buf_mgmt_stack_pop
                0x0000396c       0x36
 i.mint_buf_mgmt_stack_pop
                0x0000396c       0x36 C:\Program Files (x86)\Cypress\PSoC Creator\3.1\PSoC Creator\psoc\content\cycomponentlibrary\CyComponentLibrary.cylib\BLE_v1_20\Library\gccCyBLEStack_BLE_SOC_PERIPHERAL.a(mint_buf_mgmt.o)
                0x0000396c                mint_buf_mgmt_stack_pop

i.mint_buf_mgmt_stack_push
                0x000039a2       0x36
 i.mint_buf_mgmt_stack_push
                0x000039a2       0x36 C:\Program Files (x86)\Cypress\PSoC Creator\3.1\PSoC Creator\psoc\content\cycomponentlibrary\CyComponentLibrary.cylib\BLE_v1_20\Library\gccCyBLEStack_BLE_SOC_PERIPHERAL.a(mint_buf_mgmt.o)
                0x000039a2                mint_buf_mgmt_stack_push

i.mint_buf_mgmt_stack_reset
                0x000039d8       0x1e
 i.mint_buf_mgmt_stack_reset
                0x000039d8       0x1e C:\Program Files (x86)\Cypress\PSoC Creator\3.1\PSoC Creator\psoc\content\cycomponentlibrary\CyComponentLibrary.cylib\BLE_v1_20\Library\gccCyBLEStack_BLE_SOC_PERIPHERAL.a(mint_buf_mgmt.o)
                0x000039d8                mint_buf_mgmt_stack_reset

i.mint_buf_mgmt_stack_search_item
                0x000039f6       0x30
 i.mint_buf_mgmt_stack_search_item
                0x000039f6       0x30 C:\Program Files (x86)\Cypress\PSoC Creator\3.1\PSoC Creator\psoc\content\cycomponentlibrary\CyComponentLibrary.cylib\BLE_v1_20\Library\gccCyBLEStack_BLE_SOC_PERIPHERAL.a(mint_buf_mgmt.o)
                0x000039f6                mint_buf_mgmt_stack_search_item

i.mint_buf_mgmt_pl_init
                0x00003a28       0x2c
 i.mint_buf_mgmt_pl_init
                0x00003a28       0x2c C:\Program Files (x86)\Cypress\PSoC Creator\3.1\PSoC Creator\psoc\content\cycomponentlibrary\CyComponentLibrary.cylib\BLE_v1_20\Library\gccCyBLEStack_BLE_SOC_PERIPHERAL.a(mint_buf_mgmt_pl.o)
                0x00003a28                mint_buf_mgmt_pl_init

i.CyBleControllerIP_GetPingState
                0x00003a54        0xc
 i.CyBleControllerIP_GetPingState
                0x00003a54        0xc C:\Program Files (x86)\Cypress\PSoC Creator\3.1\PSoC Creator\psoc\content\cycomponentlibrary\CyComponentLibrary.cylib\BLE_v1_20\Library\gccCyBLEStack_BLE_SOC_PERIPHERAL.a(CyBleControllerIP_Interface.o)
                0x00003a54                CyBleControllerIP_GetPingState

i.CyBleController_AddDeviceToWhiteList
                0x00003a60       0x40
 i.CyBleController_AddDeviceToWhiteList
                0x00003a60       0x40 C:\Program Files (x86)\Cypress\PSoC Creator\3.1\PSoC Creator\psoc\content\cycomponentlibrary\CyComponentLibrary.cylib\BLE_v1_20\Library\gccCyBLEStack_BLE_SOC_PERIPHERAL.a(CyBleControllerIP_Interface.o)
                0x00003a60                CyBleController_AddDeviceToWhiteList

i.CyBleController_ExitLowPowerMode
                0x00003aa0       0x10
 i.CyBleController_ExitLowPowerMode
                0x00003aa0       0x10 C:\Program Files (x86)\Cypress\PSoC Creator\3.1\PSoC Creator\psoc\content\cycomponentlibrary\CyComponentLibrary.cylib\BLE_v1_20\Library\gccCyBLEStack_BLE_SOC_PERIPHERAL.a(CyBleControllerIP_Interface.o)
                0x00003aa0                CyBleController_ExitLowPowerMode

i.CyBleController_Init
                0x00003ab0       0x3c
 i.CyBleController_Init
                0x00003ab0       0x3c C:\Program Files (x86)\Cypress\PSoC Creator\3.1\PSoC Creator\psoc\content\cycomponentlibrary\CyComponentLibrary.cylib\BLE_v1_20\Library\gccCyBLEStack_BLE_SOC_PERIPHERAL.a(CyBleControllerIP_Interface.o)
                0x00003ab0                CyBleController_Init

i.CyBleController_Reset
                0x00003aec       0x10
 i.CyBleController_Reset
                0x00003aec       0x10 C:\Program Files (x86)\Cypress\PSoC Creator\3.1\PSoC Creator\psoc\content\cycomponentlibrary\CyComponentLibrary.cylib\BLE_v1_20\Library\gccCyBLEStack_BLE_SOC_PERIPHERAL.a(CyBleControllerIP_Interface.o)
                0x00003aec                CyBleController_Reset

i.CyBleController_SetDeviceAddress
                0x00003afc       0x2e
 i.CyBleController_SetDeviceAddress
                0x00003afc       0x2e C:\Program Files (x86)\Cypress\PSoC Creator\3.1\PSoC Creator\psoc\content\cycomponentlibrary\CyComponentLibrary.cylib\BLE_v1_20\Library\gccCyBLEStack_BLE_SOC_PERIPHERAL.a(CyBleControllerIP_Interface.o)
                0x00003afc                CyBleController_SetDeviceAddress

i.CyBleController_Shutdown
                0x00003b2a        0x2
 i.CyBleController_Shutdown
                0x00003b2a        0x2 C:\Program Files (x86)\Cypress\PSoC Creator\3.1\PSoC Creator\psoc\content\cycomponentlibrary\CyComponentLibrary.cylib\BLE_v1_20\Library\gccCyBLEStack_BLE_SOC_PERIPHERAL.a(CyBleControllerIP_Interface.o)
                0x00003b2a                CyBleController_Shutdown

i.CyBle_GetBleSsState
                0x00003b2c       0x10
 i.CyBle_GetBleSsState
                0x00003b2c       0x10 C:\Program Files (x86)\Cypress\PSoC Creator\3.1\PSoC Creator\psoc\content\cycomponentlibrary\CyComponentLibrary.cylib\BLE_v1_20\Library\gccCyBLEStack_BLE_SOC_PERIPHERAL.a(CyBleControllerIP_Interface.o)
                0x00003b2c                CyBle_GetBleSsState

i.CyBle_GetTxPowerLevel
                0x00003b3c       0x4e
 i.CyBle_GetTxPowerLevel
                0x00003b3c       0x4e C:\Program Files (x86)\Cypress\PSoC Creator\3.1\PSoC Creator\psoc\content\cycomponentlibrary\CyComponentLibrary.cylib\BLE_v1_20\Library\gccCyBLEStack_BLE_SOC_PERIPHERAL.a(CyBleControllerIP_Interface.o)
                0x00003b3c                CyBle_GetTxPowerLevel

i.CyBle_SetTxPowerLevel
                0x00003b8a       0x56
 i.CyBle_SetTxPowerLevel
                0x00003b8a       0x56 C:\Program Files (x86)\Cypress\PSoC Creator\3.1\PSoC Creator\psoc\content\cycomponentlibrary\CyComponentLibrary.cylib\BLE_v1_20\Library\gccCyBLEStack_BLE_SOC_PERIPHERAL.a(CyBleControllerIP_Interface.o)
                0x00003b8a                CyBle_SetTxPowerLevel

i.ll_check_and_mark_packet_ready_for_transmission
                0x00003be0       0x28
 i.ll_check_and_mark_packet_ready_for_transmission
                0x00003be0       0x28 C:\Program Files (x86)\Cypress\PSoC Creator\3.1\PSoC Creator\psoc\content\cycomponentlibrary\CyComponentLibrary.cylib\BLE_v1_20\Library\gccCyBLEStack_BLE_SOC_PERIPHERAL.a(ll.o)
                0x00003be0                ll_check_and_mark_packet_ready_for_transmission

i.ll_cleanup_pending_data_pdu
                0x00003c08       0x38
 i.ll_cleanup_pending_data_pdu
                0x00003c08       0x38 C:\Program Files (x86)\Cypress\PSoC Creator\3.1\PSoC Creator\psoc\content\cycomponentlibrary\CyComponentLibrary.cylib\BLE_v1_20\Library\gccCyBLEStack_BLE_SOC_PERIPHERAL.a(ll.o)
                0x00003c08                ll_cleanup_pending_data_pdu

i.ll_exit_low_power_mode
                0x00003c40       0xac
 i.ll_exit_low_power_mode
                0x00003c40       0xac C:\Program Files (x86)\Cypress\PSoC Creator\3.1\PSoC Creator\psoc\content\cycomponentlibrary\CyComponentLibrary.cylib\BLE_v1_20\Library\gccCyBLEStack_BLE_SOC_PERIPHERAL.a(ll.o)
                0x00003c40                ll_exit_low_power_mode

i.ll_get_ack_status
                0x00003cec       0x3c
 i.ll_get_ack_status
                0x00003cec       0x3c C:\Program Files (x86)\Cypress\PSoC Creator\3.1\PSoC Creator\psoc\content\cycomponentlibrary\CyComponentLibrary.cylib\BLE_v1_20\Library\gccCyBLEStack_BLE_SOC_PERIPHERAL.a(ll.o)
                0x00003cec                ll_get_ack_status

i.ll_get_adv_ch_tx_power
                0x00003d28       0x20
 i.ll_get_adv_ch_tx_power
                0x00003d28       0x20 C:\Program Files (x86)\Cypress\PSoC Creator\3.1\PSoC Creator\psoc\content\cycomponentlibrary\CyComponentLibrary.cylib\BLE_v1_20\Library\gccCyBLEStack_BLE_SOC_PERIPHERAL.a(ll.o)
                0x00003d28                ll_get_adv_ch_tx_power

i.ll_get_data_channel_map
                0x00003d48       0x24
 i.ll_get_data_channel_map
                0x00003d48       0x24 C:\Program Files (x86)\Cypress\PSoC Creator\3.1\PSoC Creator\psoc\content\cycomponentlibrary\CyComponentLibrary.cylib\BLE_v1_20\Library\gccCyBLEStack_BLE_SOC_PERIPHERAL.a(ll.o)
                0x00003d48                ll_get_data_channel_map

i.ll_get_max_white_list_size
                0x00003d6c        0xc
 i.ll_get_max_white_list_size
                0x00003d6c        0xc C:\Program Files (x86)\Cypress\PSoC Creator\3.1\PSoC Creator\psoc\content\cycomponentlibrary\CyComponentLibrary.cylib\BLE_v1_20\Library\gccCyBLEStack_BLE_SOC_PERIPHERAL.a(ll.o)
                0x00003d6c                ll_get_max_white_list_size

i.ll_get_my_role
                0x00003d78        0xc
 i.ll_get_my_role
                0x00003d78        0xc C:\Program Files (x86)\Cypress\PSoC Creator\3.1\PSoC Creator\psoc\content\cycomponentlibrary\CyComponentLibrary.cylib\BLE_v1_20\Library\gccCyBLEStack_BLE_SOC_PERIPHERAL.a(ll.o)
                0x00003d78                ll_get_my_role

i.ll_get_next_available_fifo_for_data_pdu
                0x00003d84        0x8
 i.ll_get_next_available_fifo_for_data_pdu
                0x00003d84        0x8 C:\Program Files (x86)\Cypress\PSoC Creator\3.1\PSoC Creator\psoc\content\cycomponentlibrary\CyComponentLibrary.cylib\BLE_v1_20\Library\gccCyBLEStack_BLE_SOC_PERIPHERAL.a(ll.o)
                0x00003d84                ll_get_next_available_fifo_for_data_pdu

i.ll_get_next_available_fifo_for_ll_pdu
                0x00003d8c       0x24
 i.ll_get_next_available_fifo_for_ll_pdu
                0x00003d8c       0x24 C:\Program Files (x86)\Cypress\PSoC Creator\3.1\PSoC Creator\psoc\content\cycomponentlibrary\CyComponentLibrary.cylib\BLE_v1_20\Library\gccCyBLEStack_BLE_SOC_PERIPHERAL.a(ll.o)
                0x00003d8c                ll_get_next_available_fifo_for_ll_pdu

i.ll_get_rssi_value
                0x00003db0       0x26
 i.ll_get_rssi_value
                0x00003db0       0x26 C:\Program Files (x86)\Cypress\PSoC Creator\3.1\PSoC Creator\psoc\content\cycomponentlibrary\CyComponentLibrary.cylib\BLE_v1_20\Library\gccCyBLEStack_BLE_SOC_PERIPHERAL.a(ll.o)
                0x00003db0                ll_get_rssi_value

i.ll_get_transmit_power_level
                0x00003dd8       0x2c
 i.ll_get_transmit_power_level
                0x00003dd8       0x2c C:\Program Files (x86)\Cypress\PSoC Creator\3.1\PSoC Creator\psoc\content\cycomponentlibrary\CyComponentLibrary.cylib\BLE_v1_20\Library\gccCyBLEStack_BLE_SOC_PERIPHERAL.a(ll.o)
                0x00003dd8                ll_get_transmit_power_level

i.ll_handle_ack_received
                0x00003e04       0x74
 i.ll_handle_ack_received
                0x00003e04       0x74 C:\Program Files (x86)\Cypress\PSoC Creator\3.1\PSoC Creator\psoc\content\cycomponentlibrary\CyComponentLibrary.cylib\BLE_v1_20\Library\gccCyBLEStack_BLE_SOC_PERIPHERAL.a(ll.o)
                0x00003e04                ll_handle_ack_received

i.ll_handle_add_device_in_whitelist
                0x00003e78       0x3a
 i.ll_handle_add_device_in_whitelist
                0x00003e78       0x3a C:\Program Files (x86)\Cypress\PSoC Creator\3.1\PSoC Creator\psoc\content\cycomponentlibrary\CyComponentLibrary.cylib\BLE_v1_20\Library\gccCyBLEStack_BLE_SOC_PERIPHERAL.a(ll.o)
                0x00003e78                ll_handle_add_device_in_whitelist

i.ll_handle_clear_whitelist
                0x00003eb2       0x16
 i.ll_handle_clear_whitelist
                0x00003eb2       0x16 C:\Program Files (x86)\Cypress\PSoC Creator\3.1\PSoC Creator\psoc\content\cycomponentlibrary\CyComponentLibrary.cylib\BLE_v1_20\Library\gccCyBLEStack_BLE_SOC_PERIPHERAL.a(ll.o)
                0x00003eb2                ll_handle_clear_whitelist

i.ll_handle_encrypt_host_data
                0x00003ec8       0x36
 i.ll_handle_encrypt_host_data
                0x00003ec8       0x36 C:\Program Files (x86)\Cypress\PSoC Creator\3.1\PSoC Creator\psoc\content\cycomponentlibrary\CyComponentLibrary.cylib\BLE_v1_20\Library\gccCyBLEStack_BLE_SOC_PERIPHERAL.a(ll.o)
                0x00003ec8                ll_handle_encrypt_host_data

i.ll_handle_host_data_packet
                0x00003efe       0x54
 i.ll_handle_host_data_packet
                0x00003efe       0x54 C:\Program Files (x86)\Cypress\PSoC Creator\3.1\PSoC Creator\psoc\content\cycomponentlibrary\CyComponentLibrary.cylib\BLE_v1_20\Library\gccCyBLEStack_BLE_SOC_PERIPHERAL.a(ll.o)
                0x00003efe                ll_handle_host_data_packet

i.ll_handle_read_host_channel_map
                0x00003f52        0x4
 i.ll_handle_read_host_channel_map
                0x00003f52        0x4 C:\Program Files (x86)\Cypress\PSoC Creator\3.1\PSoC Creator\psoc\content\cycomponentlibrary\CyComponentLibrary.cylib\BLE_v1_20\Library\gccCyBLEStack_BLE_SOC_PERIPHERAL.a(ll.o)
                0x00003f52                ll_handle_read_host_channel_map

i.ll_handle_remove_device_in_whitelist
                0x00003f56       0x2a
 i.ll_handle_remove_device_in_whitelist
                0x00003f56       0x2a C:\Program Files (x86)\Cypress\PSoC Creator\3.1\PSoC Creator\psoc\content\cycomponentlibrary\CyComponentLibrary.cylib\BLE_v1_20\Library\gccCyBLEStack_BLE_SOC_PERIPHERAL.a(ll.o)
                0x00003f56                ll_handle_remove_device_in_whitelist

i.ll_handle_reset
                0x00003f80        0xe
 i.ll_handle_reset
                0x00003f80        0xe C:\Program Files (x86)\Cypress\PSoC Creator\3.1\PSoC Creator\psoc\content\cycomponentlibrary\CyComponentLibrary.cylib\BLE_v1_20\Library\gccCyBLEStack_BLE_SOC_PERIPHERAL.a(ll.o)
                0x00003f80                ll_handle_reset

i.ll_handle_set_random_address
                0x00003f8e       0x36
 i.ll_handle_set_random_address
                0x00003f8e       0x36 C:\Program Files (x86)\Cypress\PSoC Creator\3.1\PSoC Creator\psoc\content\cycomponentlibrary\CyComponentLibrary.cylib\BLE_v1_20\Library\gccCyBLEStack_BLE_SOC_PERIPHERAL.a(ll.o)
                0x00003f8e                ll_handle_set_random_address

i.ll_init       0x00003fc4       0x18
 i.ll_init      0x00003fc4       0x18 C:\Program Files (x86)\Cypress\PSoC Creator\3.1\PSoC Creator\psoc\content\cycomponentlibrary\CyComponentLibrary.cylib\BLE_v1_20\Library\gccCyBLEStack_BLE_SOC_PERIPHERAL.a(ll.o)
                0x00003fc4                ll_init

i.ll_initialize_device_attributes
                0x00003fdc       0x4c
 i.ll_initialize_device_attributes
                0x00003fdc       0x4c C:\Program Files (x86)\Cypress\PSoC Creator\3.1\PSoC Creator\psoc\content\cycomponentlibrary\CyComponentLibrary.cylib\BLE_v1_20\Library\gccCyBLEStack_BLE_SOC_PERIPHERAL.a(ll.o)
                0x00003fdc                ll_initialize_device_attributes

i.ll_is_pkt_pending
                0x00004028       0x2a
 i.ll_is_pkt_pending
                0x00004028       0x2a C:\Program Files (x86)\Cypress\PSoC Creator\3.1\PSoC Creator\psoc\content\cycomponentlibrary\CyComponentLibrary.cylib\BLE_v1_20\Library\gccCyBLEStack_BLE_SOC_PERIPHERAL.a(ll.o)
                0x00004028                ll_is_pkt_pending

i.ll_is_sent_pkt_pending
                0x00004052       0x1a
 i.ll_is_sent_pkt_pending
                0x00004052       0x1a C:\Program Files (x86)\Cypress\PSoC Creator\3.1\PSoC Creator\psoc\content\cycomponentlibrary\CyComponentLibrary.cylib\BLE_v1_20\Library\gccCyBLEStack_BLE_SOC_PERIPHERAL.a(ll.o)
                0x00004052                ll_is_sent_pkt_pending

i.ll_isr_exit_low_power_mode
                0x0000406c       0x16
 i.ll_isr_exit_low_power_mode
                0x0000406c       0x16 C:\Program Files (x86)\Cypress\PSoC Creator\3.1\PSoC Creator\psoc\content\cycomponentlibrary\CyComponentLibrary.cylib\BLE_v1_20\Library\gccCyBLEStack_BLE_SOC_PERIPHERAL.a(ll.o)
                0x0000406c                ll_isr_exit_low_power_mode

i.ll_load_host_data_packet
                0x00004082       0x4a
 i.ll_load_host_data_packet
                0x00004082       0x4a C:\Program Files (x86)\Cypress\PSoC Creator\3.1\PSoC Creator\psoc\content\cycomponentlibrary\CyComponentLibrary.cylib\BLE_v1_20\Library\gccCyBLEStack_BLE_SOC_PERIPHERAL.a(ll.o)
                0x00004082                ll_load_host_data_packet

i.ll_load_packet_to_fifo
                0x000040cc       0x6e
 i.ll_load_packet_to_fifo
                0x000040cc       0x6e C:\Program Files (x86)\Cypress\PSoC Creator\3.1\PSoC Creator\psoc\content\cycomponentlibrary\CyComponentLibrary.cylib\BLE_v1_20\Library\gccCyBLEStack_BLE_SOC_PERIPHERAL.a(ll.o)
                0x000040cc                ll_load_packet_to_fifo

i.ll_process_acks
                0x0000413a       0x3c
 i.ll_process_acks
                0x0000413a       0x3c C:\Program Files (x86)\Cypress\PSoC Creator\3.1\PSoC Creator\psoc\content\cycomponentlibrary\CyComponentLibrary.cylib\BLE_v1_20\Library\gccCyBLEStack_BLE_SOC_PERIPHERAL.a(ll.o)
                0x0000413a                ll_process_acks

i.ll_reset      0x00004176       0x12
 i.ll_reset     0x00004176       0x12 C:\Program Files (x86)\Cypress\PSoC Creator\3.1\PSoC Creator\psoc\content\cycomponentlibrary\CyComponentLibrary.cylib\BLE_v1_20\Library\gccCyBLEStack_BLE_SOC_PERIPHERAL.a(ll.o)
                0x00004176                ll_reset

i.ll_update_active_features
                0x00004188       0x58
 i.ll_update_active_features
                0x00004188       0x58 C:\Program Files (x86)\Cypress\PSoC Creator\3.1\PSoC Creator\psoc\content\cycomponentlibrary\CyComponentLibrary.cylib\BLE_v1_20\Library\gccCyBLEStack_BLE_SOC_PERIPHERAL.a(ll.o)
                0x00004188                ll_update_active_features

i.ll_update_device_fsm
                0x000041e0        0x8
 i.ll_update_device_fsm
                0x000041e0        0x8 C:\Program Files (x86)\Cypress\PSoC Creator\3.1\PSoC Creator\psoc\content\cycomponentlibrary\CyComponentLibrary.cylib\BLE_v1_20\Library\gccCyBLEStack_BLE_SOC_PERIPHERAL.a(ll.o)
                0x000041e0                ll_update_device_fsm

i.pf_le_start_timer
                0x000041e8       0x16
 i.pf_le_start_timer
                0x000041e8       0x16 C:\Program Files (x86)\Cypress\PSoC Creator\3.1\PSoC Creator\psoc\content\cycomponentlibrary\CyComponentLibrary.cylib\BLE_v1_20\Library\gccCyBLEStack_BLE_SOC_PERIPHERAL.a(ll.o)
                0x000041e8                pf_le_start_timer

i.pf_le_stop_timer
                0x000041fe       0x12
 i.pf_le_stop_timer
                0x000041fe       0x12 C:\Program Files (x86)\Cypress\PSoC Creator\3.1\PSoC Creator\psoc\content\cycomponentlibrary\CyComponentLibrary.cylib\BLE_v1_20\Library\gccCyBLEStack_BLE_SOC_PERIPHERAL.a(ll.o)
                0x000041fe                pf_le_stop_timer

i.CyBleControllerIP_TuneAdvEventInterPktSlots
                0x00004210       0x44
 i.CyBleControllerIP_TuneAdvEventInterPktSlots
                0x00004210       0x44 C:\Program Files (x86)\Cypress\PSoC Creator\3.1\PSoC Creator\psoc\content\cycomponentlibrary\CyComponentLibrary.cylib\BLE_v1_20\Library\gccCyBLEStack_BLE_SOC_PERIPHERAL.a(ll_advertiser.o)
                0x00004210                CyBleControllerIP_TuneAdvEventInterPktSlots

i.ll_adv_is_configured_connection_adv
                0x00004254       0x1e
 i.ll_adv_is_configured_connection_adv
                0x00004254       0x1e C:\Program Files (x86)\Cypress\PSoC Creator\3.1\PSoC Creator\psoc\content\cycomponentlibrary\CyComponentLibrary.cylib\BLE_v1_20\Library\gccCyBLEStack_BLE_SOC_PERIPHERAL.a(ll_advertiser.o)
                0x00004254                ll_adv_is_configured_connection_adv

i.ll_check_random_address_in_use_by_advertiser
                0x00004272       0x10
 i.ll_check_random_address_in_use_by_advertiser
                0x00004272       0x10 C:\Program Files (x86)\Cypress\PSoC Creator\3.1\PSoC Creator\psoc\content\cycomponentlibrary\CyComponentLibrary.cylib\BLE_v1_20\Library\gccCyBLEStack_BLE_SOC_PERIPHERAL.a(ll_advertiser.o)
                0x00004272                ll_check_random_address_in_use_by_advertiser

i.ll_check_whitelist_in_use_by_advertiser
                0x00004282       0x10
 i.ll_check_whitelist_in_use_by_advertiser
                0x00004282       0x10 C:\Program Files (x86)\Cypress\PSoC Creator\3.1\PSoC Creator\psoc\content\cycomponentlibrary\CyComponentLibrary.cylib\BLE_v1_20\Library\gccCyBLEStack_BLE_SOC_PERIPHERAL.a(ll_advertiser.o)
                0x00004282                ll_check_whitelist_in_use_by_advertiser

i.ll_get_adv_status
                0x00004292        0xc
 i.ll_get_adv_status
                0x00004292        0xc C:\Program Files (x86)\Cypress\PSoC Creator\3.1\PSoC Creator\psoc\content\cycomponentlibrary\CyComponentLibrary.cylib\BLE_v1_20\Library\gccCyBLEStack_BLE_SOC_PERIPHERAL.a(ll_advertiser.o)
                0x00004292                ll_get_adv_status

i.ll_get_adv_type
                0x0000429e       0x16
 i.ll_get_adv_type
                0x0000429e       0x16 C:\Program Files (x86)\Cypress\PSoC Creator\3.1\PSoC Creator\psoc\content\cycomponentlibrary\CyComponentLibrary.cylib\BLE_v1_20\Library\gccCyBLEStack_BLE_SOC_PERIPHERAL.a(ll_advertiser.o)
                0x0000429e                ll_get_adv_type

i.ll_handle_adv_intr
                0x000042b4       0x50
 i.ll_handle_adv_intr
                0x000042b4       0x50 C:\Program Files (x86)\Cypress\PSoC Creator\3.1\PSoC Creator\psoc\content\cycomponentlibrary\CyComponentLibrary.cylib\BLE_v1_20\Library\gccCyBLEStack_BLE_SOC_PERIPHERAL.a(ll_advertiser.o)
                0x000042b4                ll_handle_adv_intr

i.ll_handle_set_adv_data
                0x00004304       0x14
 i.ll_handle_set_adv_data
                0x00004304       0x14 C:\Program Files (x86)\Cypress\PSoC Creator\3.1\PSoC Creator\psoc\content\cycomponentlibrary\CyComponentLibrary.cylib\BLE_v1_20\Library\gccCyBLEStack_BLE_SOC_PERIPHERAL.a(ll_advertiser.o)
                0x00004304                ll_handle_set_adv_data

i.ll_handle_set_adv_parameters
                0x00004318       0x84
 i.ll_handle_set_adv_parameters
                0x00004318       0x84 C:\Program Files (x86)\Cypress\PSoC Creator\3.1\PSoC Creator\psoc\content\cycomponentlibrary\CyComponentLibrary.cylib\BLE_v1_20\Library\gccCyBLEStack_BLE_SOC_PERIPHERAL.a(ll_advertiser.o)
                0x00004318                ll_handle_set_adv_parameters

i.ll_handle_set_advertise_enable
                0x0000439c       0x70
 i.ll_handle_set_advertise_enable
                0x0000439c       0x70 C:\Program Files (x86)\Cypress\PSoC Creator\3.1\PSoC Creator\psoc\content\cycomponentlibrary\CyComponentLibrary.cylib\BLE_v1_20\Library\gccCyBLEStack_BLE_SOC_PERIPHERAL.a(ll_advertiser.o)
                0x0000439c                ll_handle_set_advertise_enable

i.ll_handle_set_scan_resp_data
                0x0000440c       0x14
 i.ll_handle_set_scan_resp_data
                0x0000440c       0x14 C:\Program Files (x86)\Cypress\PSoC Creator\3.1\PSoC Creator\psoc\content\cycomponentlibrary\CyComponentLibrary.cylib\BLE_v1_20\Library\gccCyBLEStack_BLE_SOC_PERIPHERAL.a(ll_advertiser.o)
                0x0000440c                ll_handle_set_scan_resp_data

i.ll_init_advertiser
                0x00004420       0x68
 i.ll_init_advertiser
                0x00004420       0x68 C:\Program Files (x86)\Cypress\PSoC Creator\3.1\PSoC Creator\psoc\content\cycomponentlibrary\CyComponentLibrary.cylib\BLE_v1_20\Library\gccCyBLEStack_BLE_SOC_PERIPHERAL.a(ll_advertiser.o)
                0x00004420                ll_init_advertiser

i.is_le_connection_handle
                0x00004488       0x28
 i.is_le_connection_handle
                0x00004488       0x28 C:\Program Files (x86)\Cypress\PSoC Creator\3.1\PSoC Creator\psoc\content\cycomponentlibrary\CyComponentLibrary.cylib\BLE_v1_20\Library\gccCyBLEStack_BLE_SOC_PERIPHERAL.a(ll_connection.o)
                0x00004488                is_le_connection_handle

i.le_assign_connection_handle
                0x000044b0       0x28
 i.le_assign_connection_handle
                0x000044b0       0x28 C:\Program Files (x86)\Cypress\PSoC Creator\3.1\PSoC Creator\psoc\content\cycomponentlibrary\CyComponentLibrary.cylib\BLE_v1_20\Library\gccCyBLEStack_BLE_SOC_PERIPHERAL.a(ll_connection.o)
                0x000044b0                le_assign_connection_handle

i.le_get_connection_index
                0x000044d8        0x6
 i.le_get_connection_index
                0x000044d8        0x6 C:\Program Files (x86)\Cypress\PSoC Creator\3.1\PSoC Creator\psoc\content\cycomponentlibrary\CyComponentLibrary.cylib\BLE_v1_20\Library\gccCyBLEStack_BLE_SOC_PERIPHERAL.a(ll_connection.o)
                0x000044d8                le_get_connection_index

i.ll_allocate_connection
                0x000044e0       0x44
 i.ll_allocate_connection
                0x000044e0       0x44 C:\Program Files (x86)\Cypress\PSoC Creator\3.1\PSoC Creator\psoc\content\cycomponentlibrary\CyComponentLibrary.cylib\BLE_v1_20\Library\gccCyBLEStack_BLE_SOC_PERIPHERAL.a(ll_connection.o)
                0x000044e0                ll_allocate_connection

i.ll_calculate_and_program_def_win_widen_drift
                0x00004524       0x14
 i.ll_calculate_and_program_def_win_widen_drift
                0x00004524       0x14 C:\Program Files (x86)\Cypress\PSoC Creator\3.1\PSoC Creator\psoc\content\cycomponentlibrary\CyComponentLibrary.cylib\BLE_v1_20\Library\gccCyBLEStack_BLE_SOC_PERIPHERAL.a(ll_connection.o)
                0x00004524                ll_calculate_and_program_def_win_widen_drift

i.ll_calculate_drift
                0x00004538       0x2c
 i.ll_calculate_drift
                0x00004538       0x2c C:\Program Files (x86)\Cypress\PSoC Creator\3.1\PSoC Creator\psoc\content\cycomponentlibrary\CyComponentLibrary.cylib\BLE_v1_20\Library\gccCyBLEStack_BLE_SOC_PERIPHERAL.a(ll_connection.o)
                0x00004538                ll_calculate_drift

i.ll_check_and_decrypt_ll_pdu
                0x00004564       0x68
 i.ll_check_and_decrypt_ll_pdu
                0x00004564       0x68 C:\Program Files (x86)\Cypress\PSoC Creator\3.1\PSoC Creator\psoc\content\cycomponentlibrary\CyComponentLibrary.cylib\BLE_v1_20\Library\gccCyBLEStack_BLE_SOC_PERIPHERAL.a(ll_connection.o)
                0x00004564                ll_check_and_decrypt_ll_pdu

i.ll_check_and_decrypt_packet
                0x000045cc       0x6a
 i.ll_check_and_decrypt_packet
                0x000045cc       0x6a C:\Program Files (x86)\Cypress\PSoC Creator\3.1\PSoC Creator\psoc\content\cycomponentlibrary\CyComponentLibrary.cylib\BLE_v1_20\Library\gccCyBLEStack_BLE_SOC_PERIPHERAL.a(ll_connection.o)
                0x000045cc                ll_check_and_decrypt_packet

i.ll_check_and_encrypt_ll_pdu
                0x00004636       0x72
 i.ll_check_and_encrypt_ll_pdu
                0x00004636       0x72 C:\Program Files (x86)\Cypress\PSoC Creator\3.1\PSoC Creator\psoc\content\cycomponentlibrary\CyComponentLibrary.cylib\BLE_v1_20\Library\gccCyBLEStack_BLE_SOC_PERIPHERAL.a(ll_connection.o)
                0x00004636                ll_check_and_encrypt_ll_pdu

i.ll_check_and_encrypt_packet
                0x000046a8       0x8a
 i.ll_check_and_encrypt_packet
                0x000046a8       0x8a C:\Program Files (x86)\Cypress\PSoC Creator\3.1\PSoC Creator\psoc\content\cycomponentlibrary\CyComponentLibrary.cylib\BLE_v1_20\Library\gccCyBLEStack_BLE_SOC_PERIPHERAL.a(ll_connection.o)
                0x000046a8                ll_check_and_encrypt_packet

i.ll_check_for_allowing_incoming_connection_update
                0x00004732       0x42
 i.ll_check_for_allowing_incoming_connection_update
                0x00004732       0x42 C:\Program Files (x86)\Cypress\PSoC Creator\3.1\PSoC Creator\psoc\content\cycomponentlibrary\CyComponentLibrary.cylib\BLE_v1_20\Library\gccCyBLEStack_BLE_SOC_PERIPHERAL.a(ll_connection.o)
                0x00004732                ll_check_for_allowing_incoming_connection_update

i.ll_check_if_pdu_is_loaded_to_hardware
                0x00004774       0x1c
 i.ll_check_if_pdu_is_loaded_to_hardware
                0x00004774       0x1c C:\Program Files (x86)\Cypress\PSoC Creator\3.1\PSoC Creator\psoc\content\cycomponentlibrary\CyComponentLibrary.cylib\BLE_v1_20\Library\gccCyBLEStack_BLE_SOC_PERIPHERAL.a(ll_connection.o)
                0x00004774                ll_check_if_pdu_is_loaded_to_hardware

i.ll_check_random_address_in_use_by_initiator
                0x00004790       0x30
 i.ll_check_random_address_in_use_by_initiator
                0x00004790       0x30 C:\Program Files (x86)\Cypress\PSoC Creator\3.1\PSoC Creator\psoc\content\cycomponentlibrary\CyComponentLibrary.cylib\BLE_v1_20\Library\gccCyBLEStack_BLE_SOC_PERIPHERAL.a(ll_connection.o)
                0x00004790                ll_check_random_address_in_use_by_initiator

i.ll_check_white_list_in_use_by_initiator
                0x000047c0       0x30
 i.ll_check_white_list_in_use_by_initiator
                0x000047c0       0x30 C:\Program Files (x86)\Cypress\PSoC Creator\3.1\PSoC Creator\psoc\content\cycomponentlibrary\CyComponentLibrary.cylib\BLE_v1_20\Library\gccCyBLEStack_BLE_SOC_PERIPHERAL.a(ll_connection.o)
                0x000047c0                ll_check_white_list_in_use_by_initiator

i.ll_conn_free_enc_txn_buffer
                0x000047f0       0x16
 i.ll_conn_free_enc_txn_buffer
                0x000047f0       0x16 C:\Program Files (x86)\Cypress\PSoC Creator\3.1\PSoC Creator\psoc\content\cycomponentlibrary\CyComponentLibrary.cylib\BLE_v1_20\Library\gccCyBLEStack_BLE_SOC_PERIPHERAL.a(ll_connection.o)
                0x000047f0                ll_conn_free_enc_txn_buffer

i.ll_conn_fsm_update_channel_state
                0x00004806        0x6
 i.ll_conn_fsm_update_channel_state
                0x00004806        0x6 C:\Program Files (x86)\Cypress\PSoC Creator\3.1\PSoC Creator\psoc\content\cycomponentlibrary\CyComponentLibrary.cylib\BLE_v1_20\Library\gccCyBLEStack_BLE_SOC_PERIPHERAL.a(ll_connection.o)
                0x00004806                ll_conn_fsm_update_channel_state

i.ll_conn_fsm_update_conn_update_state
                0x0000480c        0x6
 i.ll_conn_fsm_update_conn_update_state
                0x0000480c        0x6 C:\Program Files (x86)\Cypress\PSoC Creator\3.1\PSoC Creator\psoc\content\cycomponentlibrary\CyComponentLibrary.cylib\BLE_v1_20\Library\gccCyBLEStack_BLE_SOC_PERIPHERAL.a(ll_connection.o)
                0x0000480c                ll_conn_fsm_update_conn_update_state

i.ll_conn_fsm_update_enc_state
                0x00004812        0x6
 i.ll_conn_fsm_update_enc_state
                0x00004812        0x6 C:\Program Files (x86)\Cypress\PSoC Creator\3.1\PSoC Creator\psoc\content\cycomponentlibrary\CyComponentLibrary.cylib\BLE_v1_20\Library\gccCyBLEStack_BLE_SOC_PERIPHERAL.a(ll_connection.o)
                0x00004812                ll_conn_fsm_update_enc_state

i.ll_conn_fsm_update_state
                0x00004818        0x4
 i.ll_conn_fsm_update_state
                0x00004818        0x4 C:\Program Files (x86)\Cypress\PSoC Creator\3.1\PSoC Creator\psoc\content\cycomponentlibrary\CyComponentLibrary.cylib\BLE_v1_20\Library\gccCyBLEStack_BLE_SOC_PERIPHERAL.a(ll_connection.o)
                0x00004818                ll_conn_fsm_update_state

i.ll_conn_handle_data_pdu_from_host_when_data_paused
                0x0000481c        0x8
 i.ll_conn_handle_data_pdu_from_host_when_data_paused
                0x0000481c        0x8 C:\Program Files (x86)\Cypress\PSoC Creator\3.1\PSoC Creator\psoc\content\cycomponentlibrary\CyComponentLibrary.cylib\BLE_v1_20\Library\gccCyBLEStack_BLE_SOC_PERIPHERAL.a(ll_connection.o)
                0x0000481c                ll_conn_handle_data_pdu_from_host_when_data_paused

i.ll_conn_handle_direct_adv_timeout
                0x00004824       0x2a
 i.ll_conn_handle_direct_adv_timeout
                0x00004824       0x2a C:\Program Files (x86)\Cypress\PSoC Creator\3.1\PSoC Creator\psoc\content\cycomponentlibrary\CyComponentLibrary.cylib\BLE_v1_20\Library\gccCyBLEStack_BLE_SOC_PERIPHERAL.a(ll_connection.o)
                0x00004824                ll_conn_handle_direct_adv_timeout

i.ll_conn_handle_ping_timer_expired_interrupt
                0x00004850       0x1c
 i.ll_conn_handle_ping_timer_expired_interrupt
                0x00004850       0x1c C:\Program Files (x86)\Cypress\PSoC Creator\3.1\PSoC Creator\psoc\content\cycomponentlibrary\CyComponentLibrary.cylib\BLE_v1_20\Library\gccCyBLEStack_BLE_SOC_PERIPHERAL.a(ll_connection.o)
                0x00004850                ll_conn_handle_ping_timer_expired_interrupt

i.ll_conn_handle_ping_timer_nearly_expired_interrupt
                0x0000486c       0x20
 i.ll_conn_handle_ping_timer_nearly_expired_interrupt
                0x0000486c       0x20 C:\Program Files (x86)\Cypress\PSoC Creator\3.1\PSoC Creator\psoc\content\cycomponentlibrary\CyComponentLibrary.cylib\BLE_v1_20\Library\gccCyBLEStack_BLE_SOC_PERIPHERAL.a(ll_connection.o)
                0x0000486c                ll_conn_handle_ping_timer_nearly_expired_interrupt

i.ll_conn_handle_stop_connectable_adv
                0x0000488c       0x12
 i.ll_conn_handle_stop_connectable_adv
                0x0000488c       0x12 C:\Program Files (x86)\Cypress\PSoC Creator\3.1\PSoC Creator\psoc\content\cycomponentlibrary\CyComponentLibrary.cylib\BLE_v1_20\Library\gccCyBLEStack_BLE_SOC_PERIPHERAL.a(ll_connection.o)
                0x0000488c                ll_conn_handle_stop_connectable_adv

i.ll_conn_process_pending_transactions
                0x0000489e        0x4
 i.ll_conn_process_pending_transactions
                0x0000489e        0x4 C:\Program Files (x86)\Cypress\PSoC Creator\3.1\PSoC Creator\psoc\content\cycomponentlibrary\CyComponentLibrary.cylib\BLE_v1_20\Library\gccCyBLEStack_BLE_SOC_PERIPHERAL.a(ll_connection.o)
                0x0000489e                ll_conn_process_pending_transactions

i.ll_conn_program_authenticated_payload_timer
                0x000048a4       0x50